<html>
<body>
<pre>
<h1>ｵVision Build Log</h1>
<h2>Tool Versions:</h2>
IDE-Version: ｣gVision V5.27.1.0
Copyright (C) 2019 ARM Ltd and ARM Germany GmbH. All rights reserved.
License Information: wed Mary, taiwan, LIC=----
 
Tool Versions:
Toolchain:       MDK-Lite  Version: 5.27.1.0
Toolchain Path:  D:\Keil_v5\ARM\ARMCC\Bin
C Compiler:      Armcc.exe V5.06 update 6 (build 750)
Assembler:       Armasm.exe V5.06 update 6 (build 750)
Linker/Locator:  ArmLink.exe V5.06 update 6 (build 750)
Library Manager: ArmAr.exe V5.06 update 6 (build 750)
Hex Converter:   FromElf.exe V5.06 update 6 (build 750)
CPU DLL:         SARMCM3.DLL V5.27.1.0
Dialog DLL:      DARMCM1.DLL V1.19.2.0
Target DLL:      CMSIS_AGDI.dll V1.31.17.0
Dialog DLL:      TARMCM1.DLL V1.14.1.0
 
<h2>Project:</h2>
D:\重要\HT32_STD_5xxxx_FWLib_v005_2481\example\MCTM\ComplementaryOutput\MDK_ARMv5\Project_52352.uvprojx
Project File Date:  11/11/2020

<h2>Output:</h2>
*** Using Compiler 'V5.06 update 6 (build 750)', folder: 'D:\Keil_v5\ARM\ARMCC\Bin'
Rebuild target 'HT32'
assembling ht32_op.s...
assembling startup_ht32f5xxxx_01.s...
compiling system_ht32f5xxxx_01.c...
compiling ht32_usbd_core.c...
compiling main.c...
..\main.c(416): warning:  #188-D: enumerated type mixed with another type
  	GPIO_WriteOutBits(HT_GPIOC, GPIO_PIN_14, 0);
..\main.c(467): warning:  #188-D: enumerated type mixed with another type
  				GPIO_WriteOutBits(HT_GPIOC, GPIO_PIN_14, 0);	
..\main.c(470): warning:  #188-D: enumerated type mixed with another type
  				GPIO_WriteOutBits(HT_GPIOC, GPIO_PIN_14, 1);//on
..\main.c(473): warning:  #188-D: enumerated type mixed with another type
  				GPIO_WriteOutBits(HT_GPIOC, GPIO_PIN_14, 1);//on	
..\main.c(476): warning:  #188-D: enumerated type mixed with another type
  				GPIO_WriteOutBits(HT_GPIOC, GPIO_PIN_14, 0);
..\main.c(479): warning:  #188-D: enumerated type mixed with another type
  				GPIO_WriteOutBits(HT_GPIOC, GPIO_PIN_14, 0);
..\main.c(483): warning:  #188-D: enumerated type mixed with another type
  			GPIO_WriteOutBits(HT_GPIOC, GPIO_PIN_14, 0);
..\main.c(400): warning:  #177-D: variable "i"  was declared but never referenced
  	int i;
..\main.c(598): warning:  #177-D: variable "i"  was declared but never referenced
  	int i=0,wBeeIndex = 0;
..\main.c(615): warning:  #177-D: variable "i"  was declared but never referenced
  	int i=0,wBeeIndex = 0;
..\main.c(632): warning:  #177-D: variable "i"  was declared but never referenced
  	int i=0,wBeeIndex = 0;
..\main.c: 11 warnings, 0 errors
compiling ht32_cm0plus_misc.c...
compiling ht32f5xxxx_01_it.c...
compiling ht32f5xxxx_bftm.c...
compiling ht32f5xxxx_crc.c...
compiling ht32f5xxxx_ebi.c...
compiling ht32f5xxxx_ckcu.c...
compiling ht32f5xxxx_cmp.c...
compiling ht32f5xxxx_exti.c...
compiling ht32f5xxxx_adc.c...
compiling ht32f5xxxx_mctm.c...
compiling ht32f5xxxx_gpio.c...
compiling ht32f5xxxx_flash.c...
compiling ht32f5xxxx_i2c.c...
compiling ht32f5xxxx_i2s.c...
compiling ht32f5xxxx_pdma.c...
compiling ht32f5xxxx_pwrcu.c...
compiling ht32f5xxxx_sci.c...
compiling ht32f5xxxx_rtc.c...
compiling ht32f5xxxx_rstcu.c...
compiling ht32f5xxxx_spi.c...
compiling ht32f5xxxx_tm.c...
compiling ht32f5xxxx_usbd.c...
compiling ht32f5xxxx_usart.c...
compiling ht32_retarget.c...
compiling ht32_serial.c...
compiling ht32_board.c...
compiling ht32f5xxxx_wdt.c...
compiling spi_flash.c...
compiling i2c_eeprom.c...
compiling ebi_lcd.c...
linking...
Program Size: Code=10472 RO-data=100 RW-data=100 ZI-data=572  
FromELF: creating hex file...
After Build - User command #1: fromelf --bin -o D:\重要\HT32_STD_5xxxx_FWLib_v005_2481\example\MCTM\ComplementaryOutput\MDK_ARMv5\HT32\52352\Obj\HT32.axf.bin D:\重要\HT32_STD_5xxxx_FWLib_v005_2481\example\MCTM\ComplementaryOutput\MDK_ARMv5\HT32\52352\Obj\HT32.axf
".\HT32\52352\Obj\HT32.axf" - 0 Error(s), 11 Warning(s).

<h2>Software Packages used:</h2>

Package Vendor: Holtek
                http://mcu.holtek.com.tw/pack/Holtek.HT32_DFP.1.0.20.pack
                Holtek.HT32_DFP.1.0.20
                Holtek HT32 Family Support

<h2>Collection of Component include folders:</h2>
  .\RTE\_HT32
  C:\Users\Mary\AppData\Local\Arm\Packs\Holtek\HT32_DFP\1.0.20\ARM\INC\Holtek\HT32F5xxxx

<h2>Collection of Component Files used:</h2>
Build Time Elapsed:  00:00:22
</pre>
</body>
</html>
