Component: ARM Compiler 5.06 update 6 (build 750) Tool: armlink [4d35ed]

==============================================================================

Section Cross References

    main.o(i.BFTM_Configuration) refers to ht32f5xxxx_bftm.o(i.BFTM_SetCompare) for BFTM_SetCompare
    main.o(i.BFTM_Configuration) refers to ht32f5xxxx_bftm.o(i.BFTM_OneShotModeCmd) for BFTM_OneShotModeCmd
    main.o(i.BFTM_Configuration) refers to ht32f5xxxx_bftm.o(i.BFTM_EnaCmd) for BFTM_EnaCmd
    main.o(i.BFTM_Configuration) refers to system_ht32f5xxxx_01.o(.data) for SystemCoreClock
    main.o(i.BFTM_ReStart) refers to ht32f5xxxx_bftm.o(i.BFTM_SetCounter) for BFTM_SetCounter
    main.o(i.BFTM_ReStart) refers to ht32f5xxxx_bftm.o(i.BFTM_EnaCmd) for BFTM_EnaCmd
    main.o(i.BFTM_ReStart) refers to main.o(.data) for BFTM_OverCnt
    main.o(i.BFTM_end) refers to ht32f5xxxx_bftm.o(i.BFTM_EnaCmd) for BFTM_EnaCmd
    main.o(i.BFTM_us) refers to ht32f5xxxx_bftm.o(i.BFTM_GetCounter) for BFTM_GetCounter
    main.o(i.BFTM_us) refers to ffltui.o(.text) for __aeabi_ui2f
    main.o(i.BFTM_us) refers to uidiv.o(.text) for __aeabi_uidivmod
    main.o(i.BFTM_us) refers to fdiv.o(.text) for __aeabi_fdiv
    main.o(i.BFTM_us) refers to fadd.o(.text) for __aeabi_fadd
    main.o(i.BFTM_us) refers to main.o(.data) for BFTM_OverCnt
    main.o(i.BFTM_us) refers to system_ht32f5xxxx_01.o(.data) for SystemCoreClock
    main.o(i.CKCU_configuration) refers to ht32f5xxxx_ckcu.o(i.CKCU_PeripClockConfig) for CKCU_PeripClockConfig
    main.o(i.DIS1) refers to ht32f5xxxx_gpio.o(i.GPIO_WriteOutBits) for GPIO_WriteOutBits
    main.o(i.DIS1) refers to main.o(i.BFTM_ReStart) for BFTM_ReStart
    main.o(i.DIS1) refers to main.o(i.BFTM_us) for BFTM_us
    main.o(i.DIS1) refers to cfcmple.o(.text) for __aeabi_cfcmple
    main.o(i.DIS1) refers to ht32f5xxxx_gpio.o(i.GPIO_ReadInBit) for GPIO_ReadInBit
    main.o(i.DIS1) refers to main.o(i.BFTM_end) for BFTM_end
    main.o(i.DIS1) refers to f2d.o(.text) for __aeabi_f2d
    main.o(i.DIS1) refers to ddiv.o(.text) for __aeabi_ddiv
    main.o(i.DIS1) refers to d2f.o(.text) for __aeabi_d2f
    main.o(i.DIS1) refers to main.o(.data) for Distance1
    main.o(i.DIS2) refers to ht32f5xxxx_gpio.o(i.GPIO_WriteOutBits) for GPIO_WriteOutBits
    main.o(i.DIS2) refers to main.o(i.BFTM_ReStart) for BFTM_ReStart
    main.o(i.DIS2) refers to main.o(i.BFTM_us) for BFTM_us
    main.o(i.DIS2) refers to cfcmple.o(.text) for __aeabi_cfcmple
    main.o(i.DIS2) refers to ht32f5xxxx_gpio.o(i.GPIO_ReadInBit) for GPIO_ReadInBit
    main.o(i.DIS2) refers to main.o(i.BFTM_end) for BFTM_end
    main.o(i.DIS2) refers to f2d.o(.text) for __aeabi_f2d
    main.o(i.DIS2) refers to ddiv.o(.text) for __aeabi_ddiv
    main.o(i.DIS2) refers to d2f.o(.text) for __aeabi_d2f
    main.o(i.DIS2) refers to main.o(.data) for Distance2
    main.o(i.DIS3) refers to ht32f5xxxx_gpio.o(i.GPIO_WriteOutBits) for GPIO_WriteOutBits
    main.o(i.DIS3) refers to main.o(i.BFTM_ReStart) for BFTM_ReStart
    main.o(i.DIS3) refers to main.o(i.BFTM_us) for BFTM_us
    main.o(i.DIS3) refers to cfcmple.o(.text) for __aeabi_cfcmple
    main.o(i.DIS3) refers to ht32f5xxxx_gpio.o(i.GPIO_ReadInBit) for GPIO_ReadInBit
    main.o(i.DIS3) refers to main.o(i.BFTM_end) for BFTM_end
    main.o(i.DIS3) refers to f2d.o(.text) for __aeabi_f2d
    main.o(i.DIS3) refers to ddiv.o(.text) for __aeabi_ddiv
    main.o(i.DIS3) refers to d2f.o(.text) for __aeabi_d2f
    main.o(i.DIS3) refers to main.o(.data) for Distance3
    main.o(i.EXTI_configuration) refers to ht32f5xxxx_gpio.o(i.AFIO_EXTISourceConfig) for AFIO_EXTISourceConfig
    main.o(i.EXTI_configuration) refers to ht32f5xxxx_exti.o(i.EXTI_Init) for EXTI_Init
    main.o(i.EXTI_configuration) refers to ht32f5xxxx_exti.o(i.EXTI_IntConfig) for EXTI_IntConfig
    main.o(i.GPIO_configuration) refers to ht32f5xxxx_gpio.o(i.AFIO_GPxConfig) for AFIO_GPxConfig
    main.o(i.GPIO_configuration) refers to ht32f5xxxx_gpio.o(i.GPIO_DirectionConfig) for GPIO_DirectionConfig
    main.o(i.GPIO_configuration) refers to ht32f5xxxx_gpio.o(i.GPIO_PullResistorConfig) for GPIO_PullResistorConfig
    main.o(i.GPIO_configuration) refers to ht32f5xxxx_gpio.o(i.GPIO_InputConfig) for GPIO_InputConfig
    main.o(i.LED) refers to idiv.o(.text) for __aeabi_idivmod
    main.o(i.LED) refers to ht32f5xxxx_tm.o(i.TM_OutputInit) for TM_OutputInit
    main.o(i.LED) refers to main.o(.bss) for MCTM_OutputInitStructure
    main.o(i.MCTM_configuration) refers to ht32f5xxxx_tm.o(i.TM_TimeBaseInit) for TM_TimeBaseInit
    main.o(i.MCTM_configuration) refers to ht32f5xxxx_tm.o(i.TM_OutputInit) for TM_OutputInit
    main.o(i.MCTM_configuration) refers to ht32f5xxxx_mctm.o(i.MCTM_CHBRKCTRConfig) for MCTM_CHBRKCTRConfig
    main.o(i.MCTM_configuration) refers to ht32f5xxxx_tm.o(i.TM_Cmd) for TM_Cmd
    main.o(i.MCTM_configuration) refers to ht32f5xxxx_mctm.o(i.MCTM_CHMOECmd) for MCTM_CHMOECmd
    main.o(i.MCTM_configuration) refers to main.o(.bss) for MCTM_TimeBaseInitStructure
[...]
    Removing ht32f5xxxx_i2c.o(i.I2C_TimeOutCmd), (28 bytes).
    Removing ht32f5xxxx_i2s.o(.rev16_text), (4 bytes).
    Removing ht32f5xxxx_i2s.o(.revsh_text), (4 bytes).
    Removing ht32f5xxxx_i2s.o(i.I2S_ClearFlag), (12 bytes).
    Removing ht32f5xxxx_i2s.o(i.I2S_Cmd), (36 bytes).
    Removing ht32f5xxxx_i2s.o(i.I2S_DeInit), (34 bytes).
    Removing ht32f5xxxx_i2s.o(i.I2S_FIFOReset), (16 bytes).
    Removing ht32f5xxxx_i2s.o(i.I2S_FIFOTrigLevelConfig), (56 bytes).
    Removing ht32f5xxxx_i2s.o(i.I2S_GetFIFOStatus), (32 bytes).
    Removing ht32f5xxxx_i2s.o(i.I2S_GetFlagStatus), (24 bytes).
    Removing ht32f5xxxx_i2s.o(i.I2S_Init), (140 bytes).
    Removing ht32f5xxxx_i2s.o(i.I2S_IntConfig), (32 bytes).
    Removing ht32f5xxxx_i2s.o(i.I2S_PDMACmd), (32 bytes).
    Removing ht32f5xxxx_i2s.o(i.I2S_TxMuteCmd), (40 bytes).
    Removing ht32f5xxxx_mctm.o(.rev16_text), (4 bytes).
    Removing ht32f5xxxx_mctm.o(.revsh_text), (4 bytes).
    Removing ht32f5xxxx_mctm.o(i.MCTM_CHBRKCTRStructInit), (20 bytes).
    Removing ht32f5xxxx_mctm.o(i.MCTM_COMPRECmd), (28 bytes).
    Removing ht32f5xxxx_mctm.o(i.MCTM_COMUSConfig), (28 bytes).
    Removing ht32f5xxxx_mctm.o(i.MCTM_ChNPolarityConfig), (26 bytes).
    Removing ht32f5xxxx_mctm.o(i.MCTM_ChannelNConfig), (28 bytes).
    Removing ht32f5xxxx_pdma.o(.rev16_text), (4 bytes).
    Removing ht32f5xxxx_pdma.o(.revsh_text), (4 bytes).
    Removing ht32f5xxxx_pdma.o(i.PDMA_ClearFlag), (28 bytes).
    Removing ht32f5xxxx_pdma.o(i.PDMA_Config), (52 bytes).
    Removing ht32f5xxxx_pdma.o(i.PDMA_EnaCmd), (44 bytes).
    Removing ht32f5xxxx_pdma.o(i.PDMA_GetFlagStatus), (36 bytes).
    Removing ht32f5xxxx_pdma.o(i.PDMA_IntConfig), (52 bytes).
    Removing ht32f5xxxx_pdma.o(i.PDMA_SwTrigCmd), (44 bytes).
    Removing ht32f5xxxx_pdma.o(i.PDMA_TranSizeConfig), (24 bytes).
    Removing ht32f5xxxx_pwrcu.o(.rev16_text), (4 bytes).
    Removing ht32f5xxxx_pwrcu.o(.revsh_text), (4 bytes).
    Removing ht32f5xxxx_pwrcu.o(i.PWRCU_BODCmd), (36 bytes).
    Removing ht32f5xxxx_pwrcu.o(i.PWRCU_BODRISConfig), (36 bytes).
    Removing ht32f5xxxx_pwrcu.o(i.PWRCU_CheckReadyAccessed), (44 bytes).
    Removing ht32f5xxxx_pwrcu.o(i.PWRCU_DMOSCmd), (60 bytes).
    Removing ht32f5xxxx_pwrcu.o(i.PWRCU_DeInit), (32 bytes).
    Removing ht32f5xxxx_pwrcu.o(i.PWRCU_DeepSleep1), (116 bytes).
    Removing ht32f5xxxx_pwrcu.o(i.PWRCU_DeepSleep2), (140 bytes).
    Removing ht32f5xxxx_pwrcu.o(i.PWRCU_GetBODFlagStatus), (16 bytes).
    Removing ht32f5xxxx_pwrcu.o(i.PWRCU_GetDMOSStatus), (40 bytes).
    Removing ht32f5xxxx_pwrcu.o(i.PWRCU_GetFlagStatus), (12 bytes).
    Removing ht32f5xxxx_pwrcu.o(i.PWRCU_GetLVDFlagStatus), (16 bytes).
    Removing ht32f5xxxx_pwrcu.o(i.PWRCU_HSIReadyCounterBitLengthConfig), (12 bytes).
    Removing ht32f5xxxx_pwrcu.o(i.PWRCU_LDOConfig), (80 bytes).
    Removing ht32f5xxxx_pwrcu.o(i.PWRCU_LVDCmd), (40 bytes).
    Removing ht32f5xxxx_pwrcu.o(i.PWRCU_LVDEventWakeupConfig), (40 bytes).
    Removing ht32f5xxxx_pwrcu.o(i.PWRCU_LVDIntWakeupConfig), (40 bytes).
    Removing ht32f5xxxx_pwrcu.o(i.PWRCU_PowerDown), (168 bytes).
    Removing ht32f5xxxx_pwrcu.o(i.PWRCU_ReadBackupRegister), (16 bytes).
    Removing ht32f5xxxx_pwrcu.o(i.PWRCU_SetLVDS), (24 bytes).
    Removing ht32f5xxxx_pwrcu.o(i.PWRCU_Sleep), (32 bytes).
    Removing ht32f5xxxx_pwrcu.o(i.PWRCU_V15RDYSourceConfig), (40 bytes).
    Removing ht32f5xxxx_pwrcu.o(i.PWRCU_WakeupPinCmd), (40 bytes).
    Removing ht32f5xxxx_pwrcu.o(i.PWRCU_WakeupPinIntConfig), (40 bytes).
    Removing ht32f5xxxx_pwrcu.o(i.PWRCU_WriteBackupRegister), (12 bytes).
    Removing ht32f5xxxx_pwrcu.o(.data), (1 bytes).
    Removing ht32f5xxxx_rstcu.o(.rev16_text), (4 bytes).
    Removing ht32f5xxxx_rstcu.o(.revsh_text), (4 bytes).
    Removing ht32f5xxxx_rstcu.o(i.RSTCU_ClearAllResetFlag), (12 bytes).
    Removing ht32f5xxxx_rstcu.o(i.RSTCU_ClearResetFlag), (16 bytes).
    Removing ht32f5xxxx_rstcu.o(i.RSTCU_GetResetFlagStatus), (32 bytes).
    Removing ht32f5xxxx_rstcu.o(i.RSTCU_PeripReset), (64 bytes).
    Removing ht32f5xxxx_rtc.o(.rev16_text), (4 bytes).
    Removing ht32f5xxxx_rtc.o(.revsh_text), (4 bytes).
    Removing ht32f5xxxx_rtc.o(i.RTC_CMPCLRCmd), (36 bytes).
    Removing ht32f5xxxx_rtc.o(i.RTC_ClockSourceConfig), (24 bytes).
    Removing ht32f5xxxx_rtc.o(i.RTC_Cmd), (36 bytes).
    Removing ht32f5xxxx_rtc.o(i.RTC_DeInit), (56 bytes).
    Removing ht32f5xxxx_rtc.o(i.RTC_GetCompare), (12 bytes).
    Removing ht32f5xxxx_rtc.o(i.RTC_GetCounter), (12 bytes).
    Removing ht32f5xxxx_rtc.o(i.RTC_GetFlagStatus), (12 bytes).
    Removing ht32f5xxxx_rtc.o(i.RTC_GetOutStatus), (28 bytes).
    Removing ht32f5xxxx_rtc.o(i.RTC_GetPrescaler), (20 bytes).
    Removing ht32f5xxxx_rtc.o(i.RTC_IntConfig), (32 bytes).
    Removing ht32f5xxxx_rtc.o(i.RTC_LSECmd), (68 bytes).
    Removing ht32f5xxxx_rtc.o(i.RTC_LSESMConfig), (24 bytes).
    Removing ht32f5xxxx_rtc.o(i.RTC_LSILoadTrimData), (100 bytes).
    Removing ht32f5xxxx_rtc.o(i.RTC_OutCmd), (40 bytes).
    Removing ht32f5xxxx_rtc.o(i.RTC_OutConfig), (76 bytes).
    Removing ht32f5xxxx_rtc.o(i.RTC_SetCompare), (12 bytes).
    Removing ht32f5xxxx_rtc.o(i.RTC_SetPrescaler), (24 bytes).
    Removing ht32f5xxxx_rtc.o(i.RTC_WakeupConfig), (32 bytes).
    Removing ht32f5xxxx_sci.o(.rev16_text), (4 bytes).
    Removing ht32f5xxxx_sci.o(.revsh_text), (4 bytes).
    Removing ht32f5xxxx_sci.o(i.SCI_ClearFlag), (28 bytes).
    Removing ht32f5xxxx_sci.o(i.SCI_ClockModeConfig), (28 bytes).
    Removing ht32f5xxxx_sci.o(i.SCI_Cmd), (24 bytes).
    Removing ht32f5xxxx_sci.o(i.SCI_DeInit), (60 bytes).
    Removing ht32f5xxxx_sci.o(i.SCI_ETUConfig), (8 bytes).
    Removing ht32f5xxxx_sci.o(i.SCI_GetFlagStatus), (26 bytes).
    Removing ht32f5xxxx_sci.o(i.SCI_Init), (36 bytes).
    Removing ht32f5xxxx_sci.o(i.SCI_IntConfig), (20 bytes).
    Removing ht32f5xxxx_sci.o(i.SCI_OutputDIO), (28 bytes).
    Removing ht32f5xxxx_sci.o(i.SCI_PDMACmd), (20 bytes).
    Removing ht32f5xxxx_sci.o(i.SCI_ReceiveData), (8 bytes).
    Removing ht32f5xxxx_sci.o(i.SCI_SendData), (4 bytes).
    Removing ht32f5xxxx_sci.o(i.SCI_SetGuardTimeValue), (4 bytes).
    Removing ht32f5xxxx_sci.o(i.SCI_SetWaitingTimeValue), (4 bytes).
    Removing ht32f5xxxx_sci.o(i.SCI_SoftwareClockCmd), (26 bytes).
    Removing ht32f5xxxx_sci.o(i.SCI_StructInit), (14 bytes).
    Removing ht32f5xxxx_sci.o(i.SCI_WaitingTimeCounterCmd), (24 bytes).
    Removing ht32f5xxxx_spi.o(.rev16_text), (4 bytes).
    Removing ht32f5xxxx_spi.o(.revsh_text), (4 bytes).
    Removing ht32f5xxxx_spi.o(i.SPI_ClearFlag), (4 bytes).
    Removing ht32f5xxxx_spi.o(i.SPI_Cmd), (24 bytes).
    Removing ht32f5xxxx_spi.o(i.SPI_DUALCmd), (24 bytes).
    Removing ht32f5xxxx_spi.o(i.SPI_DeInit), (68 bytes).
    Removing ht32f5xxxx_spi.o(i.SPI_FIFOCmd), (28 bytes).
    Removing ht32f5xxxx_spi.o(i.SPI_FIFOTriggerLevelConfig), (44 bytes).
    Removing ht32f5xxxx_spi.o(i.SPI_GUADTCmd), (24 bytes).
    Removing ht32f5xxxx_spi.o(i.SPI_GUADTSPI_GUADTConfig), (20 bytes).
    Removing ht32f5xxxx_spi.o(i.SPI_GetFIFOStatus), (34 bytes).
    Removing ht32f5xxxx_spi.o(i.SPI_GetFlagStatus), (26 bytes).
    Removing ht32f5xxxx_spi.o(i.SPI_Init), (76 bytes).
    Removing ht32f5xxxx_spi.o(i.SPI_IntConfig), (20 bytes).
    Removing ht32f5xxxx_spi.o(i.SPI_PDMACmd), (20 bytes).
    Removing ht32f5xxxx_spi.o(i.SPI_ReceiveData), (8 bytes).
    Removing ht32f5xxxx_spi.o(i.SPI_SELHTConfig), (14 bytes).
    Removing ht32f5xxxx_spi.o(i.SPI_SELModeConfig), (28 bytes).
    Removing ht32f5xxxx_spi.o(i.SPI_SELOutputCmd), (24 bytes).
    Removing ht32f5xxxx_spi.o(i.SPI_SendData), (4 bytes).
    Removing ht32f5xxxx_spi.o(i.SPI_SetDataLength), (16 bytes).
    Removing ht32f5xxxx_spi.o(i.SPI_SetTimeOutValue), (4 bytes).
    Removing ht32f5xxxx_spi.o(i.SPI_SoftwareSELCmd), (28 bytes).
    Removing ht32f5xxxx_spi.o(i.SPI_StructInit), (28 bytes).
    Removing ht32f5xxxx_tm.o(.rev16_text), (4 bytes).
    Removing ht32f5xxxx_tm.o(.revsh_text), (4 bytes).
    Removing ht32f5xxxx_tm.o(i.TM_CHCCDSConfig), (28 bytes).
    Removing ht32f5xxxx_tm.o(i.TM_CHCCRPreloadConfig), (36 bytes).
    Removing ht32f5xxxx_tm.o(i.TM_CHPSCConfig), (30 bytes).
    Removing ht32f5xxxx_tm.o(i.TM_CKDIVConfig), (18 bytes).
    Removing ht32f5xxxx_tm.o(i.TM_CRRPreloadCmd), (24 bytes).
    Removing ht32f5xxxx_tm.o(i.TM_CaptureInit), (34 bytes).
    Removing ht32f5xxxx_tm.o(i.TM_CaptureStructInit), (20 bytes).
    Removing ht32f5xxxx_tm.o(i.TM_ChExternalClockConfig), (66 bytes).
    Removing ht32f5xxxx_tm.o(i.TM_ChPolarityConfig), (26 bytes).
    Removing ht32f5xxxx_tm.o(i.TM_ClearIntPendingBit), (10 bytes).
    Removing ht32f5xxxx_tm.o(i.TM_ClearOREFConfig), (36 bytes).
    Removing ht32f5xxxx_tm.o(i.TM_CounterModeConfig), (28 bytes).
    Removing ht32f5xxxx_tm.o(i.TM_DeInit), (136 bytes).
    Removing ht32f5xxxx_tm.o(i.TM_DecoderConfig), (84 bytes).
    Removing ht32f5xxxx_tm.o(i.TM_EtiConfig), (28 bytes).
    Removing ht32f5xxxx_tm.o(i.TM_EtiExternalClockConfig), (34 bytes).
    Removing ht32f5xxxx_tm.o(i.TM_ForcedOREF0), (14 bytes).
    Removing ht32f5xxxx_tm.o(i.TM_ForcedOREF1), (14 bytes).
    Removing ht32f5xxxx_tm.o(i.TM_ForcedOREF2), (14 bytes).
    Removing ht32f5xxxx_tm.o(i.TM_ForcedOREF3), (14 bytes).
    Removing ht32f5xxxx_tm.o(i.TM_GenerateEvent), (4 bytes).
    Removing ht32f5xxxx_tm.o(i.TM_GetCaptureCompare0), (8 bytes).
    Removing ht32f5xxxx_tm.o(i.TM_GetCaptureCompare1), (8 bytes).
    Removing ht32f5xxxx_tm.o(i.TM_GetCaptureCompare2), (8 bytes).
    Removing ht32f5xxxx_tm.o(i.TM_GetCaptureCompare3), (8 bytes).
    Removing ht32f5xxxx_tm.o(i.TM_GetCounter), (8 bytes).
    Removing ht32f5xxxx_tm.o(i.TM_GetFlagStatus), (18 bytes).
    Removing ht32f5xxxx_tm.o(i.TM_GetIntStatus), (32 bytes).
    Removing ht32f5xxxx_tm.o(i.TM_GetPrescaler), (8 bytes).
    Removing ht32f5xxxx_tm.o(i.TM_HallInterfaceCmd), (26 bytes).
    Removing ht32f5xxxx_tm.o(i.TM_ImmActiveConfig), (36 bytes).
    Removing ht32f5xxxx_tm.o(i.TM_InternalClockConfig), (12 bytes).
    Removing ht32f5xxxx_tm.o(i.TM_ItiExternalClockConfig), (26 bytes).
    Removing ht32f5xxxx_tm.o(i.TM_MMSELConfig), (14 bytes).
    Removing ht32f5xxxx_tm.o(i.TM_OutputModeConfig), (36 bytes).
    Removing ht32f5xxxx_tm.o(i.TM_OutputStructInit), (24 bytes).
    Removing ht32f5xxxx_tm.o(i.TM_PDMAConfig), (20 bytes).
    Removing ht32f5xxxx_tm.o(i.TM_PrescalerConfig), (8 bytes).
    Removing ht32f5xxxx_tm.o(i.TM_PwmInputInit), (102 bytes).
    Removing ht32f5xxxx_tm.o(i.TM_SetAsymmetricCompare0), (6 bytes).
    Removing ht32f5xxxx_tm.o(i.TM_SetAsymmetricCompare1), (6 bytes).
    Removing ht32f5xxxx_tm.o(i.TM_SetAsymmetricCompare2), (6 bytes).
    Removing ht32f5xxxx_tm.o(i.TM_SetAsymmetricCompare3), (6 bytes).
    Removing ht32f5xxxx_tm.o(i.TM_SetCaptureCompare0), (6 bytes).
    Removing ht32f5xxxx_tm.o(i.TM_SetCaptureCompare1), (6 bytes).
    Removing ht32f5xxxx_tm.o(i.TM_SetCaptureCompare2), (6 bytes).
    Removing ht32f5xxxx_tm.o(i.TM_SetCaptureCompare3), (6 bytes).
    Removing ht32f5xxxx_tm.o(i.TM_SetCounter), (6 bytes).
    Removing ht32f5xxxx_tm.o(i.TM_SetCounterReload), (6 bytes).
    Removing ht32f5xxxx_tm.o(i.TM_SinglePulseModeCmd), (28 bytes).
    Removing ht32f5xxxx_tm.o(i.TM_SlaveModeConfig), (14 bytes).
    Removing ht32f5xxxx_tm.o(i.TM_StiConfig), (30 bytes).
    Removing ht32f5xxxx_tm.o(i.TM_TimSyncCmd), (24 bytes).
    Removing ht32f5xxxx_tm.o(i.TM_TimeBaseStructInit), (24 bytes).
    Removing ht32f5xxxx_tm.o(i.TM_UEVG_IntConfig), (24 bytes).
    Removing ht32f5xxxx_tm.o(i.TM_UpdateCmd), (24 bytes).
    Removing ht32f5xxxx_tm.o(i.tm_CHx_Config), (80 bytes).
    Removing ht32f5xxxx_usart.o(.rev16_text), (4 bytes).
    Removing ht32f5xxxx_usart.o(.revsh_text), (4 bytes).
    Removing ht32f5xxxx_usart.o(i.USART_ClearFlag), (8 bytes).
    Removing ht32f5xxxx_usart.o(i.USART_DeInit), (104 bytes).
    Removing ht32f5xxxx_usart.o(i.USART_FIFOReset), (8 bytes).
    Removing ht32f5xxxx_usart.o(i.USART_ForceBreakCmd), (28 bytes).
    Removing ht32f5xxxx_usart.o(i.USART_GetFIFOStatus), (30 bytes).
    Removing ht32f5xxxx_usart.o(i.USART_GetFlagStatus), (18 bytes).
    Removing ht32f5xxxx_usart.o(i.USART_HardwareFlowControlCmd), (24 bytes).
    Removing ht32f5xxxx_usart.o(i.USART_IntConfig), (20 bytes).
    Removing ht32f5xxxx_usart.o(i.USART_IrDACmd), (24 bytes).
    Removing ht32f5xxxx_usart.o(i.USART_IrDAConfig), (26 bytes).
    Removing ht32f5xxxx_usart.o(i.USART_IrDADirectionConfig), (26 bytes).
    Removing ht32f5xxxx_usart.o(i.USART_IrDAInvtCmd), (30 bytes).
    Removing ht32f5xxxx_usart.o(i.USART_PDMACmd), (20 bytes).
    Removing ht32f5xxxx_usart.o(i.USART_RS485AADCmd), (24 bytes).
    Removing ht32f5xxxx_usart.o(i.USART_RS485NMMCmd), (24 bytes).
    Removing ht32f5xxxx_usart.o(i.USART_RS485TxEnablePolarityConfig), (26 bytes).
    Removing ht32f5xxxx_usart.o(i.USART_ReceiveData), (8 bytes).
    Removing ht32f5xxxx_usart.o(i.USART_SendData), (4 bytes).
    Removing ht32f5xxxx_usart.o(i.USART_SetAddressMatchValue), (16 bytes).
    Removing ht32f5xxxx_usart.o(i.USART_SetGuardTime), (16 bytes).
    Removing ht32f5xxxx_usart.o(i.USART_SetIrDAPrescaler), (16 bytes).
    Removing ht32f5xxxx_usart.o(i.USART_SetTimeOutValue), (16 bytes).
    Removing ht32f5xxxx_usart.o(i.USART_StickParityCmd), (28 bytes).
    Removing ht32f5xxxx_usart.o(i.USART_StickParityConfig), (36 bytes).
    Removing ht32f5xxxx_usart.o(i.USART_StructInit), (22 bytes).
    Removing ht32f5xxxx_usart.o(i.USART_SynClockInit), (26 bytes).
    Removing ht32f5xxxx_usart.o(i.USART_SynClockStructInit), (12 bytes).
    Removing ht32f5xxxx_usart.o(i.USART_TXRXTLConfig), (24 bytes).
    Removing ht32f5xxxx_usbd.o(.rev16_text), (4 bytes).
    Removing ht32f5xxxx_usbd.o(.revsh_text), (4 bytes).
    Removing ht32f5xxxx_usbd.o(i.USBD_ClearINT), (12 bytes).
    Removing ht32f5xxxx_usbd.o(i.USBD_DPWakeUpCmd), (40 bytes).
    Removing ht32f5xxxx_usbd.o(i.USBD_DPpullupCmd), (40 bytes).
    Removing ht32f5xxxx_usbd.o(i.USBD_DeInit), (32 bytes).
    Removing ht32f5xxxx_usbd.o(i.USBD_DisableINT), (16 bytes).
    Removing ht32f5xxxx_usbd.o(i.USBD_EPTClearDTG), (22 bytes).
    Removing ht32f5xxxx_usbd.o(i.USBD_EPTClearHalt), (22 bytes).
    Removing ht32f5xxxx_usbd.o(i.USBD_EPTClearINT), (16 bytes).
    Removing ht32f5xxxx_usbd.o(i.USBD_EPTEnableINT), (16 bytes).
    Removing ht32f5xxxx_usbd.o(i.USBD_EPTGetBuffer0Addr), (28 bytes).
    Removing ht32f5xxxx_usbd.o(i.USBD_EPTGetBuffer1Addr), (36 bytes).
    Removing ht32f5xxxx_usbd.o(i.USBD_EPTGetBufferLen), (24 bytes).
    Removing ht32f5xxxx_usbd.o(i.USBD_EPTGetHalt), (46 bytes).
    Removing ht32f5xxxx_usbd.o(i.USBD_EPTGetINT), (20 bytes).
    Removing ht32f5xxxx_usbd.o(i.USBD_EPTGetTransferCount), (22 bytes).
    Removing ht32f5xxxx_usbd.o(i.USBD_EPTInit), (48 bytes).
    Removing ht32f5xxxx_usbd.o(i.USBD_EPTReadMemory), (74 bytes).
    Removing ht32f5xxxx_usbd.o(i.USBD_EPTReadOUTData), (52 bytes).
    Removing ht32f5xxxx_usbd.o(i.USBD_EPTReset), (22 bytes).
    Removing ht32f5xxxx_usbd.o(i.USBD_EPTSendSTALL), (16 bytes).
    Removing ht32f5xxxx_usbd.o(i.USBD_EPTSetHalt), (26 bytes).
    Removing ht32f5xxxx_usbd.o(i.USBD_EPTWaitSTALLSent), (60 bytes).
    Removing ht32f5xxxx_usbd.o(i.USBD_EPTWriteINData), (94 bytes).
    Removing ht32f5xxxx_usbd.o(i.USBD_EnableINT), (16 bytes).
    Removing ht32f5xxxx_usbd.o(i.USBD_GetEPTnINTNumber), (38 bytes).
    Removing ht32f5xxxx_usbd.o(i.USBD_GetINT), (16 bytes).
    Removing ht32f5xxxx_usbd.o(i.USBD_Init), (14 bytes).
    Removing ht32f5xxxx_usbd.o(i.USBD_PowerOff), (20 bytes).
    Removing ht32f5xxxx_usbd.o(i.USBD_PowerOn), (20 bytes).
    Removing ht32f5xxxx_usbd.o(i.USBD_PowerUp), (116 bytes).
    Removing ht32f5xxxx_usbd.o(i.USBD_PreInit), (24 bytes).
    Removing ht32f5xxxx_usbd.o(i.USBD_ReadSETUPData), (16 bytes).
    Removing ht32f5xxxx_usbd.o(i.USBD_RemoteWakeup), (20 bytes).
    Removing ht32f5xxxx_usbd.o(i.USBD_SRAMResetConditionCmd), (40 bytes).
    Removing ht32f5xxxx_usbd.o(i.USBD_SetAddress), (24 bytes).
    Removing ht32f5xxxx_usbd.o(i._USBD_CopyMemory), (234 bytes).
    Removing ht32f5xxxx_usbd.o(i._USBD_GetEPTnAddr), (16 bytes).
    Removing ht32f5xxxx_usbd.o(i._delay), (12 bytes).
    Removing ht32f5xxxx_usbd.o(.data), (4 bytes).
    Removing ht32f5xxxx_wdt.o(.rev16_text), (4 bytes).
    Removing ht32f5xxxx_wdt.o(.revsh_text), (4 bytes).
    Removing ht32f5xxxx_wdt.o(i.WDT_Cmd), (40 bytes).
    Removing ht32f5xxxx_wdt.o(i.WDT_DeInit), (32 bytes).
    Removing ht32f5xxxx_wdt.o(i.WDT_GetDeltaValue), (16 bytes).
    Removing ht32f5xxxx_wdt.o(i.WDT_GetFlagStatus), (24 bytes).
    Removing ht32f5xxxx_wdt.o(i.WDT_GetPrescaler), (28 bytes).
    Removing ht32f5xxxx_wdt.o(i.WDT_GetReloadValue), (16 bytes).
    Removing ht32f5xxxx_wdt.o(i.WDT_HaltConfig), (24 bytes).
    Removing ht32f5xxxx_wdt.o(i.WDT_LockCmd), (48 bytes).
    Removing ht32f5xxxx_wdt.o(i.WDT_ProtectCmd), (32 bytes).
    Removing ht32f5xxxx_wdt.o(i.WDT_ResetCmd), (40 bytes).
    Removing ht32f5xxxx_wdt.o(i.WDT_Restart), (16 bytes).
    Removing ht32f5xxxx_wdt.o(i.WDT_SetDeltaValue), (24 bytes).
    Removing ht32f5xxxx_wdt.o(i.WDT_SetPrescaler), (20 bytes).
    Removing ht32f5xxxx_wdt.o(i.WDT_SetReloadValue), (24 bytes).
    Removing ht32f5xxxx_wdt.o(i.WDT_SourceConfig), (24 bytes).
    Removing ht32_retarget.o(.rev16_text), (4 bytes).
    Removing ht32_retarget.o(.revsh_text), (4 bytes).
    Removing ht32_retarget.o(i.__backspace), (6 bytes).
    Removing ht32_retarget.o(i._sys_exit), (4 bytes).
    Removing ht32_retarget.o(i._ttywrch), (12 bytes).
    Removing ht32_retarget.o(i.fgetc), (10 bytes).
    Removing ht32_serial.o(.rev16_text), (4 bytes).
    Removing ht32_serial.o(.revsh_text), (4 bytes).
    Removing ht32_serial.o(i.SERIAL_Flush), (2 bytes).
    Removing ht32_serial.o(i.SERIAL_GetChar), (28 bytes).
    Removing ht32_board.o(.rev16_text), (4 bytes).
    Removing ht32_board.o(.revsh_text), (4 bytes).
    Removing ht32_board.o(i.HT32F_DVB_BuzzerFun), (336 bytes).
    Removing ht32_board.o(i.HT32F_DVB_BuzzerOutputCmd), (20 bytes).
    Removing ht32_board.o(i.HT32F_DVB_LEDInit), (96 bytes).
    Removing ht32_board.o(i.HT32F_DVB_LEDOff), (32 bytes).
    Removing ht32_board.o(i.HT32F_DVB_LEDOn), (32 bytes).
    Removing ht32_board.o(i.HT32F_DVB_LEDToggle), (48 bytes).
    Removing ht32_board.o(i.HT32F_DVB_PBGetState), (40 bytes).
    Removing ht32_board.o(i.HT32F_DVB_PBInit), (244 bytes).
    Removing ht32_board.o(i.NVIC_EnableIRQ), (20 bytes).
    Removing ht32_board.o(i._HT32F_DVB_ClockConfig), (132 bytes).
    Removing i2c_eeprom.o(.rev16_text), (4 bytes).
    Removing i2c_eeprom.o(.revsh_text), (4 bytes).
    Removing i2c_eeprom.o(i.I2C_EEPROM_BufferRead), (156 bytes).
    Removing i2c_eeprom.o(i.I2C_EEPROM_BufferWrite), (58 bytes).
    Removing i2c_eeprom.o(i.I2C_EEPROM_Init), (100 bytes).
    Removing i2c_eeprom.o(i.I2C_EEPROM_PageWrite), (104 bytes).
    Removing i2c_eeprom.o(i._I2C_EEPROM_AckPolling), (80 bytes).
    Removing spi_flash.o(.rev16_text), (4 bytes).
    Removing spi_flash.o(.revsh_text), (4 bytes).
    Removing spi_flash.o(i.SPI_FLASH_BlockErase), (76 bytes).
    Removing spi_flash.o(i.SPI_FLASH_BufferDualRead), (116 bytes).
    Removing spi_flash.o(i.SPI_FLASH_BufferRead), (92 bytes).
    Removing spi_flash.o(i.SPI_FLASH_BufferWrite), (260 bytes).
    Removing spi_flash.o(i.SPI_FLASH_ChipErase), (44 bytes).
    Removing spi_flash.o(i.SPI_FLASH_Init), (192 bytes).
    Removing spi_flash.o(i.SPI_FLASH_PageWrite), (96 bytes).
    Removing spi_flash.o(i.SPI_FLASH_ReadJEDECID), (80 bytes).
    Removing spi_flash.o(i.SPI_FLASH_SectorErase), (76 bytes).
    Removing spi_flash.o(i.SPI_FLASH_SendByte), (52 bytes).
    Removing spi_flash.o(i.SPI_FLASH_WaitForWriteEnd), (56 bytes).
    Removing spi_flash.o(i.SPI_FLASH_WriteDisable), (36 bytes).
    Removing spi_flash.o(i.SPI_FLASH_WriteEnable), (36 bytes).
    Removing spi_flash.o(i.SPI_FLASH_WriteStatus), (48 bytes).
    Removing ebi_lcd.o(.rev16_text), (4 bytes).
    Removing ebi_lcd.o(.revsh_text), (4 bytes).
    Removing ebi_lcd.o(i.LCD_BackColorSet), (12 bytes).
    Removing ebi_lcd.o(i.LCD_CharDisplay), (36 bytes).
    Removing ebi_lcd.o(i.LCD_CharDraw), (104 bytes).
    Removing ebi_lcd.o(i.LCD_CircleDraw), (196 bytes).
    Removing ebi_lcd.o(i.LCD_Clear), (38 bytes).
    Removing ebi_lcd.o(i.LCD_Config), (644 bytes).
    Removing ebi_lcd.o(i.LCD_DisplayOff), (12 bytes).
    Removing ebi_lcd.o(i.LCD_DisplayOn), (12 bytes).
    Removing ebi_lcd.o(i.LCD_Init), (408 bytes).
    Removing ebi_lcd.o(i.LCD_LineDraw), (80 bytes).
    Removing ebi_lcd.o(i.LCD_PicDraw), (120 bytes).
    Removing ebi_lcd.o(i.LCD_ReadReg), (14 bytes).
    Removing ebi_lcd.o(i.LCD_RectDraw), (62 bytes).
    Removing ebi_lcd.o(i.LCD_SetDisplayArea), (96 bytes).
    Removing ebi_lcd.o(i.LCD_StarterSet), (44 bytes).
    Removing ebi_lcd.o(i.LCD_StringLineDisplay), (62 bytes).
    Removing ebi_lcd.o(i.LCD_TextColorSet), (12 bytes).
    Removing ebi_lcd.o(i.LCD_WriteRAM), (8 bytes).
    Removing ebi_lcd.o(i.LCD_WriteRAMPrior), (10 bytes).
    Removing ebi_lcd.o(i.LCD_WriteRAMWord), (16 bytes).
    Removing ebi_lcd.o(i.LCD_WriteReg), (10 bytes).
    Removing ebi_lcd.o(i._delay), (32 bytes).
    Removing ebi_lcd.o(.constdata), (4560 bytes).
    Removing ebi_lcd.o(.data), (8 bytes).

542 unused section(s) (total 24465 bytes) removed from the image.

==============================================================================

Image Symbol Table

    Local Symbols

    Symbol Name                              Value     Ov Type        Size  Object(Section)

    RESET                                    0x00000000   Section      284  startup_ht32f5xxxx_01.o(RESET)
    ../clib/microlib/division.c              0x00000000   Number         0  uldiv.o ABSOLUTE
    ../clib/microlib/division.c              0x00000000   Number         0  idiv.o ABSOLUTE
    ../clib/microlib/division.c              0x00000000   Number         0  uidiv.o ABSOLUTE
    ../clib/microlib/init/entry.s            0x00000000   Number         0  entry11a.o ABSOLUTE
    ../clib/microlib/init/entry.s            0x00000000   Number         0  entry2.o ABSOLUTE
    ../clib/microlib/init/entry.s            0x00000000   Number         0  entry5.o ABSOLUTE
    ../clib/microlib/init/entry.s            0x00000000   Number         0  entry7a.o ABSOLUTE
    ../clib/microlib/init/entry.s            0x00000000   Number         0  entry7b.o ABSOLUTE
    ../clib/microlib/init/entry.s            0x00000000   Number         0  entry8a.o ABSOLUTE
    ../clib/microlib/init/entry.s            0x00000000   Number         0  entry9a.o ABSOLUTE
    ../clib/microlib/init/entry.s            0x00000000   Number         0  entry11b.o ABSOLUTE
    ../clib/microlib/init/entry.s            0x00000000   Number         0  entry10b.o ABSOLUTE
    ../clib/microlib/init/entry.s            0x00000000   Number         0  entry10a.o ABSOLUTE
    ../clib/microlib/init/entry.s            0x00000000   Number         0  entry9b.o ABSOLUTE
    ../clib/microlib/init/entry.s            0x00000000   Number         0  entry8b.o ABSOLUTE
    ../clib/microlib/init/entry.s            0x00000000   Number         0  entry.o ABSOLUTE
    ../clib/microlib/longlong.c              0x00000000   Number         0  llushr.o ABSOLUTE
    ../clib/microlib/longlong.c              0x00000000   Number         0  llshl.o ABSOLUTE
    ../clib/microlib/longlong.c              0x00000000   Number         0  llsshr.o ABSOLUTE
    ../clib/microlib/printf/printf.c         0x00000000   Number         0  printfa.o ABSOLUTE
    ../clib/microlib/printf/printf.c         0x00000000   Number         0  printfb.o ABSOLUTE
    ../clib/microlib/printf/printf.c         0x00000000   Number         0  printf0.o ABSOLUTE
    ../clib/microlib/printf/printf.c         0x00000000   Number         0  printf1.o ABSOLUTE
    ../clib/microlib/printf/printf.c         0x00000000   Number         0  printf2.o ABSOLUTE
    ../clib/microlib/printf/printf.c         0x00000000   Number         0  printf3.o ABSOLUTE
    ../clib/microlib/printf/printf.c         0x00000000   Number         0  printf4.o ABSOLUTE
    ../clib/microlib/printf/printf.c         0x00000000   Number         0  printf5.o ABSOLUTE
    ../clib/microlib/printf/printf.c         0x00000000   Number         0  printf6.o ABSOLUTE
    ../clib/microlib/printf/printf.c         0x00000000   Number         0  printf7.o ABSOLUTE
    ../clib/microlib/printf/printf.c         0x00000000   Number         0  printf8.o ABSOLUTE
    ../clib/microlib/printf/stubs.s          0x00000000   Number         0  stubs.o ABSOLUTE
    ../clib/microlib/stubs.s                 0x00000000   Number         0  useno.o ABSOLUTE
    ../clib/microlib/stubs.s                 0x00000000   Number         0  iusefp.o ABSOLUTE
    ../fplib/microlib/d2f.c                  0x00000000   Number         0  d2f.o ABSOLUTE
    ../fplib/microlib/f2d.c                  0x00000000   Number         0  f2d.o ABSOLUTE
    ../fplib/microlib/fpadd.c                0x00000000   Number         0  fadd.o ABSOLUTE
    ../fplib/microlib/fpadd.c                0x00000000   Number         0  dadd.o ABSOLUTE
    ../fplib/microlib/fpdiv.c                0x00000000   Number         0  ddiv.o ABSOLUTE
    ../fplib/microlib/fpdiv.c                0x00000000   Number         0  fdiv.o ABSOLUTE
    ../fplib/microlib/fpepilogue.c           0x00000000   Number         0  fepilogue.o ABSOLUTE
    ../fplib/microlib/fpepilogue.c           0x00000000   Number         0  depilogue.o ABSOLUTE
    ../fplib/microlib/fpfix.c                0x00000000   Number         0  dfixul.o ABSOLUTE
    ../fplib/microlib/fpfix.c                0x00000000   Number         0  ffixi.o ABSOLUTE
    ../fplib/microlib/fpfix.c                0x00000000   Number         0  ffixui.o ABSOLUTE
    ../fplib/microlib/fpflt.c                0x00000000   Number         0  ffltui.o ABSOLUTE
    ../fplib/microlib/fpflt.c                0x00000000   Number         0  fflti.o ABSOLUTE
    ../fplib/microlib/fpmul.c                0x00000000   Number         0  dmul.o ABSOLUTE
    ../fplib/microlib/fpmul.c                0x00000000   Number         0  fmul.o ABSOLUTE
    ..\..\..\..\library\HT32F5xxxx_Driver\src\ht32_cm0plus_misc.c 0x00000000   Number         0  ht32_cm0plus_misc.o ABSOLUTE
    ..\..\..\..\library\HT32F5xxxx_Driver\src\ht32_retarget.c 0x00000000   Number         0  ht32_retarget.o ABSOLUTE
    ..\..\..\..\library\HT32F5xxxx_Driver\src\ht32_serial.c 0x00000000   Number         0  ht32_serial.o ABSOLUTE
    ..\..\..\..\library\HT32F5xxxx_Driver\src\ht32f5xxxx_adc.c 0x00000000   Number         0  ht32f5xxxx_adc.o ABSOLUTE
    ..\..\..\..\library\HT32F5xxxx_Driver\src\ht32f5xxxx_bftm.c 0x00000000   Number         0  ht32f5xxxx_bftm.o ABSOLUTE
    ..\..\..\..\library\HT32F5xxxx_Driver\src\ht32f5xxxx_ckcu.c 0x00000000   Number         0  ht32f5xxxx_ckcu.o ABSOLUTE
    ..\..\..\..\library\HT32F5xxxx_Driver\src\ht32f5xxxx_cmp.c 0x00000000   Number         0  ht32f5xxxx_cmp.o ABSOLUTE
    ..\..\..\..\library\HT32F5xxxx_Driver\src\ht32f5xxxx_crc.c 0x00000000   Number         0  ht32f5xxxx_crc.o ABSOLUTE
    ..\..\..\..\library\HT32F5xxxx_Driver\src\ht32f5xxxx_ebi.c 0x00000000   Number         0  ht32f5xxxx_ebi.o ABSOLUTE
    ..\..\..\..\library\HT32F5xxxx_Driver\src\ht32f5xxxx_exti.c 0x00000000   Number         0  ht32f5xxxx_exti.o ABSOLUTE
    ..\..\..\..\library\HT32F5xxxx_Driver\src\ht32f5xxxx_flash.c 0x00000000   Number         0  ht32f5xxxx_flash.o ABSOLUTE
    ..\..\..\..\library\HT32F5xxxx_Driver\src\ht32f5xxxx_gpio.c 0x00000000   Number         0  ht32f5xxxx_gpio.o ABSOLUTE
    ..\..\..\..\library\HT32F5xxxx_Driver\src\ht32f5xxxx_i2c.c 0x00000000   Number         0  ht32f5xxxx_i2c.o ABSOLUTE
    ..\..\..\..\library\HT32F5xxxx_Driver\src\ht32f5xxxx_i2s.c 0x00000000   Number         0  ht32f5xxxx_i2s.o ABSOLUTE
    ..\..\..\..\library\HT32F5xxxx_Driver\src\ht32f5xxxx_mctm.c 0x00000000   Number         0  ht32f5xxxx_mctm.o ABSOLUTE
    ..\..\..\..\library\HT32F5xxxx_Driver\src\ht32f5xxxx_pdma.c 0x00000000   Number         0  ht32f5xxxx_pdma.o ABSOLUTE
    ..\..\..\..\library\HT32F5xxxx_Driver\src\ht32f5xxxx_pwrcu.c 0x00000000   Number         0  ht32f5xxxx_pwrcu.o ABSOLUTE
    ..\..\..\..\library\HT32F5xxxx_Driver\src\ht32f5xxxx_rstcu.c 0x00000000   Number         0  ht32f5xxxx_rstcu.o ABSOLUTE
    ..\..\..\..\library\HT32F5xxxx_Driver\src\ht32f5xxxx_rtc.c 0x00000000   Number         0  ht32f5xxxx_rtc.o ABSOLUTE
    ..\..\..\..\library\HT32F5xxxx_Driver\src\ht32f5xxxx_sci.c 0x00000000   Number         0  ht32f5xxxx_sci.o ABSOLUTE
    ..\..\..\..\library\HT32F5xxxx_Driver\src\ht32f5xxxx_spi.c 0x00000000   Number         0  ht32f5xxxx_spi.o ABSOLUTE
    ..\..\..\..\library\HT32F5xxxx_Driver\src\ht32f5xxxx_tm.c 0x00000000   Number         0  ht32f5xxxx_tm.o ABSOLUTE
    ..\..\..\..\library\HT32F5xxxx_Driver\src\ht32f5xxxx_usart.c 0x00000000   Number         0  ht32f5xxxx_usart.o ABSOLUTE
    ..\..\..\..\library\HT32F5xxxx_Driver\src\ht32f5xxxx_usbd.c 0x00000000   Number         0  ht32f5xxxx_usbd.o ABSOLUTE
    ..\..\..\..\library\HT32F5xxxx_Driver\src\ht32f5xxxx_wdt.c 0x00000000   Number         0  ht32f5xxxx_wdt.o ABSOLUTE
    ..\..\..\..\library\HT32_USBD_Library\src\ht32_usbd_core.c 0x00000000   Number         0  ht32_usbd_core.o ABSOLUTE
    ..\..\..\..\utilities\common\ebi_lcd.c   0x00000000   Number         0  ebi_lcd.o ABSOLUTE
    ..\..\..\..\utilities\common\i2c_eeprom.c 0x00000000   Number         0  i2c_eeprom.o ABSOLUTE
    ..\..\..\..\utilities\common\spi_flash.c 0x00000000   Number         0  spi_flash.o ABSOLUTE
    ..\..\..\..\utilities\ht32_board.c       0x00000000   Number         0  ht32_board.o ABSOLUTE
    ..\\..\\..\\..\\library\\HT32F5xxxx_Driver\\src\\ht32_cm0plus_misc.c 0x00000000   Number         0  ht32_cm0plus_misc.o ABSOLUTE
    ..\\..\\..\\..\\library\\HT32F5xxxx_Driver\\src\\ht32_retarget.c 0x00000000   Number         0  ht32_retarget.o ABSOLUTE
    ..\\..\\..\\..\\library\\HT32F5xxxx_Driver\\src\\ht32_serial.c 0x00000000   Number         0  ht32_serial.o ABSOLUTE
    ..\\..\\..\\..\\library\\HT32F5xxxx_Driver\\src\\ht32f5xxxx_adc.c 0x00000000   Number         0  ht32f5xxxx_adc.o ABSOLUTE
    ..\\..\\..\\..\\library\\HT32F5xxxx_Driver\\src\\ht32f5xxxx_bftm.c 0x00000000   Number         0  ht32f5xxxx_bftm.o ABSOLUTE
    ..\\..\\..\\..\\library\\HT32F5xxxx_Driver\\src\\ht32f5xxxx_ckcu.c 0x00000000   Number         0  ht32f5xxxx_ckcu.o ABSOLUTE
    ..\\..\\..\\..\\library\\HT32F5xxxx_Driver\\src\\ht32f5xxxx_cmp.c 0x00000000   Number         0  ht32f5xxxx_cmp.o ABSOLUTE
    ..\\..\\..\\..\\library\\HT32F5xxxx_Driver\\src\\ht32f5xxxx_crc.c 0x00000000   Number         0  ht32f5xxxx_crc.o ABSOLUTE
    ..\\..\\..\\..\\library\\HT32F5xxxx_Driver\\src\\ht32f5xxxx_ebi.c 0x00000000   Number         0  ht32f5xxxx_ebi.o ABSOLUTE
    ..\\..\\..\\..\\library\\HT32F5xxxx_Driver\\src\\ht32f5xxxx_exti.c 0x00000000   Number         0  ht32f5xxxx_exti.o ABSOLUTE
    ..\\..\\..\\..\\library\\HT32F5xxxx_Driver\\src\\ht32f5xxxx_flash.c 0x00000000   Number         0  ht32f5xxxx_flash.o ABSOLUTE
    ..\\..\\..\\..\\library\\HT32F5xxxx_Driver\\src\\ht32f5xxxx_gpio.c 0x00000000   Number         0  ht32f5xxxx_gpio.o ABSOLUTE
    ..\\..\\..\\..\\library\\HT32F5xxxx_Driver\\src\\ht32f5xxxx_i2c.c 0x00000000   Number         0  ht32f5xxxx_i2c.o ABSOLUTE
    ..\\..\\..\\..\\library\\HT32F5xxxx_Driver\\src\\ht32f5xxxx_i2s.c 0x00000000   Number         0  ht32f5xxxx_i2s.o ABSOLUTE
    ..\\..\\..\\..\\library\\HT32F5xxxx_Driver\\src\\ht32f5xxxx_mctm.c 0x00000000   Number         0  ht32f5xxxx_mctm.o ABSOLUTE
    ..\\..\\..\\..\\library\\HT32F5xxxx_Driver\\src\\ht32f5xxxx_pdma.c 0x00000000   Number         0  ht32f5xxxx_pdma.o ABSOLUTE
    ..\\..\\..\\..\\library\\HT32F5xxxx_Driver\\src\\ht32f5xxxx_pwrcu.c 0x00000000   Number         0  ht32f5xxxx_pwrcu.o ABSOLUTE
    ..\\..\\..\\..\\library\\HT32F5xxxx_Driver\\src\\ht32f5xxxx_rstcu.c 0x00000000   Number         0  ht32f5xxxx_rstcu.o ABSOLUTE
    ..\\..\\..\\..\\library\\HT32F5xxxx_Driver\\src\\ht32f5xxxx_rtc.c 0x00000000   Number         0  ht32f5xxxx_rtc.o ABSOLUTE
    ..\\..\\..\\..\\library\\HT32F5xxxx_Driver\\src\\ht32f5xxxx_sci.c 0x00000000   Number         0  ht32f5xxxx_sci.o ABSOLUTE
    ..\\..\\..\\..\\library\\HT32F5xxxx_Driver\\src\\ht32f5xxxx_spi.c 0x00000000   Number         0  ht32f5xxxx_spi.o ABSOLUTE
    ..\\..\\..\\..\\library\\HT32F5xxxx_Driver\\src\\ht32f5xxxx_tm.c 0x00000000   Number         0  ht32f5xxxx_tm.o ABSOLUTE
    ..\\..\\..\\..\\library\\HT32F5xxxx_Driver\\src\\ht32f5xxxx_usart.c 0x00000000   Number         0  ht32f5xxxx_usart.o ABSOLUTE
    ..\\..\\..\\..\\library\\HT32F5xxxx_Driver\\src\\ht32f5xxxx_usbd.c 0x00000000   Number         0  ht32f5xxxx_usbd.o ABSOLUTE
    ..\\..\\..\\..\\library\\HT32F5xxxx_Driver\\src\\ht32f5xxxx_wdt.c 0x00000000   Number         0  ht32f5xxxx_wdt.o ABSOLUTE
    ..\\..\\..\\..\\library\\HT32_USBD_Library\\src\\ht32_usbd_core.c 0x00000000   Number         0  ht32_usbd_core.o ABSOLUTE
    ..\\..\\..\\..\\utilities\\common\\ebi_lcd.c 0x00000000   Number         0  ebi_lcd.o ABSOLUTE
    ..\\..\\..\\..\\utilities\\common\\i2c_eeprom.c 0x00000000   Number         0  i2c_eeprom.o ABSOLUTE
    ..\\..\\..\\..\\utilities\\common\\spi_flash.c 0x00000000   Number         0  spi_flash.o ABSOLUTE
    ..\\..\\..\\..\\utilities\\ht32_board.c  0x00000000   Number         0  ht32_board.o ABSOLUTE
    ..\\ht32f5xxxx_01_it.c                   0x00000000   Number         0  ht32f5xxxx_01_it.o ABSOLUTE
    ..\\main.c                               0x00000000   Number         0  main.o ABSOLUTE
    ..\\system_ht32f5xxxx_01.c               0x00000000   Number         0  system_ht32f5xxxx_01.o ABSOLUTE
    ..\ht32f5xxxx_01_it.c                    0x00000000   Number         0  ht32f5xxxx_01_it.o ABSOLUTE
    ..\main.c                                0x00000000   Number         0  main.o ABSOLUTE
    ..\system_ht32f5xxxx_01.c                0x00000000   Number         0  system_ht32f5xxxx_01.o ABSOLUTE
    cdrcmple.s                               0x00000000   Number         0  cdrcmple.o ABSOLUTE
    cfcmple.s                                0x00000000   Number         0  cfcmple.o ABSOLUTE
    dc.s                                     0x00000000   Number         0  dc.o ABSOLUTE
    handlers.s                               0x00000000   Number         0  handlers.o ABSOLUTE
    ht32_op.s                                0x00000000   Number         0  ht32_op.o ABSOLUTE
    init.s                                   0x00000000   Number         0  init.o ABSOLUTE
    startup_ht32f5xxxx_01.s                  0x00000000   Number         0  startup_ht32f5xxxx_01.o ABSOLUTE
    BootProcess                              0x000000cd   Thumb Code    44  startup_ht32f5xxxx_01.o(RESET)
    .ARM.Collect$$$$00000000                 0x0000011c   Section        0  entry.o(.ARM.Collect$$$$00000000)
    .ARM.Collect$$$$00000001                 0x0000011c   Section        4  entry2.o(.ARM.Collect$$$$00000001)
    .ARM.Collect$$$$00000004                 0x00000120   Section        4  entry5.o(.ARM.Collect$$$$00000004)
    .ARM.Collect$$$$00000008                 0x00000124   Section        0  entry7b.o(.ARM.Collect$$$$00000008)
    .ARM.Collect$$$$0000000A                 0x00000124   Section        0  entry8b.o(.ARM.Collect$$$$0000000A)
    .ARM.Collect$$$$0000000B                 0x00000124   Section        8  entry9a.o(.ARM.Collect$$$$0000000B)
    .ARM.Collect$$$$0000000D                 0x0000012c   Section        0  entry10a.o(.ARM.Collect$$$$0000000D)
    .ARM.Collect$$$$0000000F                 0x0000012c   Section        0  entry11a.o(.ARM.Collect$$$$0000000F)
    .ARM.Collect$$$$00002712                 0x0000012c   Section        4  entry2.o(.ARM.Collect$$$$00002712)
    __lit__00000000                          0x0000012c   Data           4  entry2.o(.ARM.Collect$$$$00002712)
    .text                                    0x00000130   Section        0  uidiv.o(.text)
    .text                                    0x0000015c   Section        0  idiv.o(.text)
    .text                                    0x00000184   Section        0  fadd.o(.text)
    .text                                    0x00000236   Section        0  fmul.o(.text)
    .text                                    0x000002b0   Section        0  fdiv.o(.text)
    .text                                    0x0000032c   Section        0  ddiv.o(.text)
    .text                                    0x0000041c   Section        0  fflti.o(.text)
    .text                                    0x00000432   Section        0  ffltui.o(.text)
    .text                                    0x00000440   Section        0  ffixi.o(.text)
    .text                                    0x00000472   Section        0  ffixui.o(.text)
    .text                                    0x0000049a   Section        0  f2d.o(.text)
    .text                                    0x000004c2   Section        0  d2f.o(.text)
    .text                                    0x000004fc   Section       20  cfcmple.o(.text)
    .text                                    0x00000510   Section        0  uldiv.o(.text)
    .text                                    0x00000570   Section        0  iusefp.o(.text)
    .text                                    0x00000570   Section        0  fepilogue.o(.text)
    .text                                    0x000005f2   Section        0  depilogue.o(.text)
    .text                                    0x000006b0   Section        0  dadd.o(.text)
    .text                                    0x00000814   Section        0  dmul.o(.text)
    .text                                    0x000008e4   Section        0  dfixul.o(.text)
    .text                                    0x00000924   Section       40  cdrcmple.o(.text)
    .text                                    0x0000094c   Section       36  init.o(.text)
    .text                                    0x00000970   Section        0  llshl.o(.text)
    .text                                    0x00000990   Section        0  llushr.o(.text)
    .text                                    0x000009b2   Section        0  llsshr.o(.text)
    i.AFIO_EXTISourceConfig                  0x000009d8   Section        0  ht32f5xxxx_gpio.o(i.AFIO_EXTISourceConfig)
    i.AFIO_GPxConfig                         0x00000a18   Section        0  ht32f5xxxx_gpio.o(i.AFIO_GPxConfig)
    i.BFTM0_IRQHandler                       0x00000a7c   Section        0  ht32f5xxxx_01_it.o(i.BFTM0_IRQHandler)
    i.BFTM_ClearFlag                         0x00000a98   Section        0  ht32f5xxxx_bftm.o(i.BFTM_ClearFlag)
    i.BFTM_Configuration                     0x00000aa8   Section        0  main.o(i.BFTM_Configuration)
    i.BFTM_EnaCmd                            0x00000ad8   Section        0  ht32f5xxxx_bftm.o(i.BFTM_EnaCmd)
    i.BFTM_GetCounter                        0x00000af0   Section        0  ht32f5xxxx_bftm.o(i.BFTM_GetCounter)
    i.BFTM_OneShotModeCmd                    0x00000af6   Section        0  ht32f5xxxx_bftm.o(i.BFTM_OneShotModeCmd)
    i.BFTM_ReStart                           0x00000b10   Section        0  main.o(i.BFTM_ReStart)
    i.BFTM_SetCompare                        0x00000b34   Section        0  ht32f5xxxx_bftm.o(i.BFTM_SetCompare)
    i.BFTM_SetCounter                        0x00000b38   Section        0  ht32f5xxxx_bftm.o(i.BFTM_SetCounter)
    i.BFTM_end                               0x00000b3c   Section        0  main.o(i.BFTM_end)
    i.BFTM_us                                0x00000b4c   Section        0  main.o(i.BFTM_us)
    i.CKCU_GetClocksFrequency                0x00000ba4   Section        0  ht32f5xxxx_ckcu.o(i.CKCU_GetClocksFrequency)
    i.CKCU_GetPLLFrequency                   0x00000c30   Section        0  ht32f5xxxx_ckcu.o(i.CKCU_GetPLLFrequency)
    i.CKCU_GetPeripFrequency                 0x00000c98   Section        0  ht32f5xxxx_ckcu.o(i.CKCU_GetPeripFrequency)
    i.CKCU_PeripClockConfig                  0x00000cd0   Section        0  ht32f5xxxx_ckcu.o(i.CKCU_PeripClockConfig)
    i.CKCU_configuration                     0x00000d10   Section        0  main.o(i.CKCU_configuration)
    i.DIS1                                   0x00000d78   Section        0  main.o(i.DIS1)
    i.DIS2                                   0x00000df8   Section        0  main.o(i.DIS2)
    i.DIS3                                   0x00000e78   Section        0  main.o(i.DIS3)
    i.EXTI4_15_IRQHandler                    0x00000efc   Section        0  ht32f5xxxx_01_it.o(i.EXTI4_15_IRQHandler)
    i.EXTI_ClearEdgeFlag                     0x00000f44   Section        0  ht32f5xxxx_exti.o(i.EXTI_ClearEdgeFlag)
    i.EXTI_GetEdgeStatus                     0x00000f58   Section        0  ht32f5xxxx_exti.o(i.EXTI_GetEdgeStatus)
    i.EXTI_Init                              0x00000f88   Section        0  ht32f5xxxx_exti.o(i.EXTI_Init)
    i.EXTI_IntConfig                         0x00000fa8   Section        0  ht32f5xxxx_exti.o(i.EXTI_IntConfig)
    i.EXTI_configuration                     0x00000fd0   Section        0  main.o(i.EXTI_configuration)
    i.GPIO_DirectionConfig                   0x00000ffc   Section        0  ht32f5xxxx_gpio.o(i.GPIO_DirectionConfig)
    i.GPIO_InputConfig                       0x00001010   Section        0  ht32f5xxxx_gpio.o(i.GPIO_InputConfig)
    i.GPIO_PullResistorConfig                0x00001024   Section        0  ht32f5xxxx_gpio.o(i.GPIO_PullResistorConfig)
    i.GPIO_ReadInBit                         0x00001056   Section        0  ht32f5xxxx_gpio.o(i.GPIO_ReadInBit)
    i.GPIO_WriteOutBits                      0x00001068   Section        0  ht32f5xxxx_gpio.o(i.GPIO_WriteOutBits)
    i.GPIO_configuration                     0x00001074   Section        0  main.o(i.GPIO_configuration)
    i.HT32F_DVB_COMInit                      0x0000117c   Section        0  ht32_board.o(i.HT32F_DVB_COMInit)
    i.HardFault_Handler                      0x000011e8   Section        0  ht32f5xxxx_01_it.o(i.HardFault_Handler)
    i.LED                                    0x000011ec   Section        0  main.o(i.LED)
    i.MCTM0_IRQHandler                       0x00001258   Section        0  ht32f5xxxx_01_it.o(i.MCTM0_IRQHandler)
    i.MCTM_CHBRKCTRConfig                    0x00001280   Section        0  ht32f5xxxx_mctm.o(i.MCTM_CHBRKCTRConfig)
    i.MCTM_CHMOECmd                          0x000012aa   Section        0  ht32f5xxxx_mctm.o(i.MCTM_CHMOECmd)
    i.MCTM_configuration                     0x000012c4   Section        0  main.o(i.MCTM_configuration)
    i.NMI_Handler                            0x00001378   Section        0  ht32f5xxxx_01_it.o(i.NMI_Handler)
    i.NVIC_EnableIRQ                         0x0000137c   Section        0  main.o(i.NVIC_EnableIRQ)
    NVIC_EnableIRQ                           0x0000137d   Thumb Code    14  main.o(i.NVIC_EnableIRQ)
    i.NVIC_SetPriority                       0x00001390   Section        0  main.o(i.NVIC_SetPriority)
    NVIC_SetPriority                         0x00001391   Thumb Code   110  main.o(i.NVIC_SetPriority)
    i.NVIC_configuration                     0x00001408   Section        0  main.o(i.NVIC_configuration)
    i.PWM_Configuration                      0x0000141c   Section        0  main.o(i.PWM_Configuration)
    i.PendSV_Handler                         0x00001510   Section        0  ht32f5xxxx_01_it.o(i.PendSV_Handler)
    i.RETARGET_Configuration                 0x00001512   Section        0  ht32_retarget.o(i.RETARGET_Configuration)
    i.RING1                                  0x00001534   Section        0  main.o(i.RING1)
    i.SERIAL_PutChar                         0x000015dc   Section        0  ht32_serial.o(i.SERIAL_PutChar)
    i.SVC_Handler                            0x000015f8   Section        0  ht32f5xxxx_01_it.o(i.SVC_Handler)
    i.SYSTICK_ClockSourceConfig              0x000015fc   Section        0  ht32_cm0plus_misc.o(i.SYSTICK_ClockSourceConfig)
    i.SYSTICK_CounterCmd                     0x00001620   Section        0  ht32_cm0plus_misc.o(i.SYSTICK_CounterCmd)
    i.SYSTICK_IntConfig                      0x00001650   Section        0  ht32_cm0plus_misc.o(i.SYSTICK_IntConfig)
    i.SYSTICK_SetReloadValue                 0x00001674   Section        0  ht32_cm0plus_misc.o(i.SYSTICK_SetReloadValue)
    i.SysTick_Handler                        0x00001680   Section        0  ht32f5xxxx_01_it.o(i.SysTick_Handler)
    i.SystemInit                             0x00001684   Section        0  system_ht32f5xxxx_01.o(i.SystemInit)
    i.TM_ChannelConfig                       0x000017c8   Section        0  ht32f5xxxx_tm.o(i.TM_ChannelConfig)
    i.TM_ClearFlag                           0x000017e4   Section        0  ht32f5xxxx_tm.o(i.TM_ClearFlag)
    i.TM_Cmd                                 0x000017ee   Section        0  ht32f5xxxx_tm.o(i.TM_Cmd)
    i.TM_IntConfig                           0x00001806   Section        0  ht32f5xxxx_tm.o(i.TM_IntConfig)
    i.TM_OutputInit                          0x0000181c   Section        0  ht32f5xxxx_tm.o(i.TM_OutputInit)
    i.TM_TimeBaseInit                        0x000018ec   Section        0  ht32f5xxxx_tm.o(i.TM_TimeBaseInit)
    i.USART_Init                             0x0000192c   Section        0  ht32f5xxxx_usart.o(i.USART_Init)
    i.USART_TxRxCmd                          0x000019b8   Section        0  ht32f5xxxx_usart.o(i.USART_TxRxCmd)
    i.WET                                    0x000019d8   Section        0  main.o(i.WET)
    i.__0printf                              0x00001a3c   Section        0  printfa.o(i.__0printf)
    i.__ARM_clz                              0x00001a5c   Section        0  depilogue.o(i.__ARM_clz)
    i.__ARM_common_switch8                   0x00001a8a   Section        0  ht32f5xxxx_ckcu.o(i.__ARM_common_switch8)
    i.__scatterload_copy                     0x00001aa6   Section       14  handlers.o(i.__scatterload_copy)
    i.__scatterload_null                     0x00001ab4   Section        2  handlers.o(i.__scatterload_null)
    i.__scatterload_zeroinit                 0x00001ab6   Section       14  handlers.o(i.__scatterload_zeroinit)
    i._fp_digits                             0x00001ac4   Section        0  printfa.o(i._fp_digits)
    _fp_digits                               0x00001ac5   Thumb Code   344  printfa.o(i._fp_digits)
    i._printf_core                           0x00001c38   Section        0  printfa.o(i._printf_core)
    _printf_core                             0x00001c39   Thumb Code  1754  printfa.o(i._printf_core)
    i._printf_post_padding                   0x00002324   Section        0  printfa.o(i._printf_post_padding)
    _printf_post_padding                     0x00002325   Thumb Code    32  printfa.o(i._printf_post_padding)
    i._printf_pre_padding                    0x00002344   Section        0  printfa.o(i._printf_pre_padding)
    _printf_pre_padding                      0x00002345   Thumb Code    44  printfa.o(i._printf_pre_padding)
    i.delay                                  0x00002370   Section        0  main.o(i.delay)
    i.delay_ms                               0x0000238c   Section        0  main.o(i.delay_ms)
    i.delay_s                                0x000023a6   Section        0  main.o(i.delay_s)
    i.delay_us                               0x000023c0   Section        0  main.o(i.delay_us)
    i.fputc                                  0x00002428   Section        0  ht32_retarget.o(i.fputc)
    i.main                                   0x00002438   Section        0  main.o(i.main)
    i.read_data                              0x000027a4   Section        0  main.o(i.read_data)
    i.start_read_DHT                         0x000027f8   Section        0  main.o(i.start_read_DHT)
    .constdata                               0x000028e8   Section       68  ht32_board.o(.constdata)
    .data                                    0x20000000   Section       88  main.o(.data)
    .data                                    0x20000058   Section        4  system_ht32f5xxxx_01.o(.data)
    .data                                    0x2000005c   Section        8  ht32_retarget.o(.data)
    .bss                                     0x20000064   Section       60  main.o(.bss)
    STACK                                    0x200000a0   Section      512  startup_ht32f5xxxx_01.o(STACK)

    Global Symbols

    Symbol Name                              Value     Ov Type        Size  Object(Section)

    BuildAttributes$$THM_ISAv3M$S$PE$A:L22$X:L11$S22$IEEE1$IW$USESV6$~STKCKD$USESV7$~SHL$OTIME$ROPI$EBA8$MICROLIB$REQ8$PRES8$EABIv2 0x00000000   Number         0  anon$$obj.o ABSOLUTE
    __ARM_use_no_argv                        0x00000000   Number         0  main.o ABSOLUTE
    __Vectors                                0x00000000   Data           0  startup_ht32f5xxxx_01.o(RESET)
    __use_no_errno                           0x00000000   Number         0  useno.o ABSOLUTE
    __use_no_exception_handling              0x00000000   Number         0  useno.o ABSOLUTE
    __use_no_fp                              0x00000000   Number         0  useno.o ABSOLUTE
    __use_no_heap                            0x00000000   Number         0  useno.o ABSOLUTE
    __use_no_heap_region                     0x00000000   Number         0  useno.o ABSOLUTE
    __use_no_semihosting                     0x00000000   Number         0  useno.o ABSOLUTE
    __use_no_semihosting_swi                 0x00000000   Number         0  useno.o ABSOLUTE
    __use_no_signal_handling                 0x00000000   Number         0  useno.o ABSOLUTE
    _printf_a                                0x00000000   Number         0  stubs.o ABSOLUTE
    _printf_c                                0x00000000   Number         0  stubs.o ABSOLUTE
    _printf_charcount                        0x00000000   Number         0  stubs.o ABSOLUTE
    _printf_d                                0x00000000   Number         0  stubs.o ABSOLUTE
    _printf_e                                0x00000000   Number         0  stubs.o ABSOLUTE
    _printf_f                                0x00000000   Number         0  stubs.o ABSOLUTE
    _printf_flags                            0x00000000   Number         0  stubs.o ABSOLUTE
    _printf_fp_dec                           0x00000000   Number         0  stubs.o ABSOLUTE
    _printf_fp_hex                           0x00000000   Number         0  stubs.o ABSOLUTE
    _printf_g                                0x00000000   Number         0  stubs.o ABSOLUTE
    _printf_i                                0x00000000   Number         0  stubs.o ABSOLUTE
    _printf_int_dec                          0x00000000   Number         0  stubs.o ABSOLUTE
    _printf_l                                0x00000000   Number         0  stubs.o ABSOLUTE
    _printf_lc                               0x00000000   Number         0  stubs.o ABSOLUTE
    _printf_ll                               0x00000000   Number         0  stubs.o ABSOLUTE
    _printf_lld                              0x00000000   Number         0  stubs.o ABSOLUTE
    _printf_lli                              0x00000000   Number         0  stubs.o ABSOLUTE
    _printf_llo                              0x00000000   Number         0  stubs.o ABSOLUTE
    _printf_llu                              0x00000000   Number         0  stubs.o ABSOLUTE
    _printf_llx                              0x00000000   Number         0  stubs.o ABSOLUTE
    _printf_longlong_dec                     0x00000000   Number         0  stubs.o ABSOLUTE
    _printf_longlong_hex                     0x00000000   Number         0  stubs.o ABSOLUTE
    _printf_longlong_oct                     0x00000000   Number         0  stubs.o ABSOLUTE
    _printf_ls                               0x00000000   Number         0  stubs.o ABSOLUTE
    _printf_mbtowc                           0x00000000   Number         0  stubs.o ABSOLUTE
    _printf_n                                0x00000000   Number         0  stubs.o ABSOLUTE
    _printf_o                                0x00000000   Number         0  stubs.o ABSOLUTE
    _printf_p                                0x00000000   Number         0  stubs.o ABSOLUTE
    _printf_percent                          0x00000000   Number         0  stubs.o ABSOLUTE
    _printf_pre_padding                      0x00000000   Number         0  stubs.o ABSOLUTE
    _printf_return_value                     0x00000000   Number         0  stubs.o ABSOLUTE
    _printf_s                                0x00000000   Number         0  stubs.o ABSOLUTE
    _printf_sizespec                         0x00000000   Number         0  stubs.o ABSOLUTE
    _printf_str                              0x00000000   Number         0  stubs.o ABSOLUTE
    _printf_truncate_signed                  0x00000000   Number         0  stubs.o ABSOLUTE
    _printf_truncate_unsigned                0x00000000   Number         0  stubs.o ABSOLUTE
    _printf_u                                0x00000000   Number         0  stubs.o ABSOLUTE
    _printf_wc                               0x00000000   Number         0  stubs.o ABSOLUTE
    _printf_wctomb                           0x00000000   Number         0  stubs.o ABSOLUTE
    _printf_widthprec                        0x00000000   Number         0  stubs.o ABSOLUTE
    _printf_x                                0x00000000   Number         0  stubs.o ABSOLUTE
    __cpp_initialize__aeabi_                  - Undefined Weak Reference
    __cxa_finalize                            - Undefined Weak Reference
    __decompress                              - Undefined Weak Reference
    _clock_init                               - Undefined Weak Reference
    _microlib_exit                            - Undefined Weak Reference
    Reset_Handler                            0x000000c1   Thumb Code    12  startup_ht32f5xxxx_01.o(RESET)
    ADC_IRQHandler                           0x00000103   Thumb Code     0  startup_ht32f5xxxx_01.o(RESET)
    AES_IRQHandler                           0x00000103   Thumb Code     0  startup_ht32f5xxxx_01.o(RESET)
    BFTM1_IRQHandler                         0x00000103   Thumb Code     0  startup_ht32f5xxxx_01.o(RESET)
    COMP_IRQHandler                          0x00000103   Thumb Code     0  startup_ht32f5xxxx_01.o(RESET)
    EVWUP_IRQHandler                         0x00000103   Thumb Code     0  startup_ht32f5xxxx_01.o(RESET)
    EXTI0_1_IRQHandler                       0x00000103   Thumb Code     0  startup_ht32f5xxxx_01.o(RESET)
    EXTI2_3_IRQHandler                       0x00000103   Thumb Code     0  startup_ht32f5xxxx_01.o(RESET)
    FLASH_IRQHandler                         0x00000103   Thumb Code     0  startup_ht32f5xxxx_01.o(RESET)
    GPTM0_IRQHandler                         0x00000103   Thumb Code     0  startup_ht32f5xxxx_01.o(RESET)
    GPTM1_IRQHandler                         0x00000103   Thumb Code     0  startup_ht32f5xxxx_01.o(RESET)
    I2C0_IRQHandler                          0x00000103   Thumb Code     0  startup_ht32f5xxxx_01.o(RESET)
    I2C1_IRQHandler                          0x00000103   Thumb Code     0  startup_ht32f5xxxx_01.o(RESET)
    I2S_IRQHandler                           0x00000103   Thumb Code     0  startup_ht32f5xxxx_01.o(RESET)
    LVD_BOD_IRQHandler                       0x00000103   Thumb Code     0  startup_ht32f5xxxx_01.o(RESET)
    PDMA_CH0_1_IRQHandler                    0x00000103   Thumb Code     0  startup_ht32f5xxxx_01.o(RESET)
    PDMA_CH2_5_IRQHandler                    0x00000103   Thumb Code     0  startup_ht32f5xxxx_01.o(RESET)
    PWM0_IRQHandler                          0x00000103   Thumb Code     0  startup_ht32f5xxxx_01.o(RESET)
    PWM1_IRQHandler                          0x00000103   Thumb Code     0  startup_ht32f5xxxx_01.o(RESET)
    RTC_IRQHandler                           0x00000103   Thumb Code     0  startup_ht32f5xxxx_01.o(RESET)
    SCI_IRQHandler                           0x00000103   Thumb Code     0  startup_ht32f5xxxx_01.o(RESET)
    SCTM0_IRQHandler                         0x00000103   Thumb Code     0  startup_ht32f5xxxx_01.o(RESET)
    SCTM1_IRQHandler                         0x00000103   Thumb Code     0  startup_ht32f5xxxx_01.o(RESET)
    SCTM2_IRQHandler                         0x00000103   Thumb Code     0  startup_ht32f5xxxx_01.o(RESET)
    SCTM3_IRQHandler                         0x00000103   Thumb Code     0  startup_ht32f5xxxx_01.o(RESET)
    SPI0_IRQHandler                          0x00000103   Thumb Code     0  startup_ht32f5xxxx_01.o(RESET)
    SPI1_IRQHandler                          0x00000103   Thumb Code     0  startup_ht32f5xxxx_01.o(RESET)
    UART0_IRQHandler                         0x00000103   Thumb Code     0  startup_ht32f5xxxx_01.o(RESET)
    UART1_IRQHandler                         0x00000103   Thumb Code     0  startup_ht32f5xxxx_01.o(RESET)
    UART2_IRQHandler                         0x00000103   Thumb Code     0  startup_ht32f5xxxx_01.o(RESET)
    UART3_IRQHandler                         0x00000103   Thumb Code     0  startup_ht32f5xxxx_01.o(RESET)
    USART0_IRQHandler                        0x00000103   Thumb Code     0  startup_ht32f5xxxx_01.o(RESET)
    USART1_IRQHandler                        0x00000103   Thumb Code     0  startup_ht32f5xxxx_01.o(RESET)
    USB_IRQHandler                           0x00000103   Thumb Code     0  startup_ht32f5xxxx_01.o(RESET)
    __main                                   0x0000011d   Thumb Code     0  entry.o(.ARM.Collect$$$$00000000)
    _main_stk                                0x0000011d   Thumb Code     0  entry2.o(.ARM.Collect$$$$00000001)
    _main_scatterload                        0x00000121   Thumb Code     0  entry5.o(.ARM.Collect$$$$00000004)
    __main_after_scatterload                 0x00000125   Thumb Code     0  entry5.o(.ARM.Collect$$$$00000004)
    _main_clock                              0x00000125   Thumb Code     0  entry7b.o(.ARM.Collect$$$$00000008)
    _main_cpp_init                           0x00000125   Thumb Code     0  entry8b.o(.ARM.Collect$$$$0000000A)
    _main_init                               0x00000125   Thumb Code     0  entry9a.o(.ARM.Collect$$$$0000000B)
    __rt_final_cpp                           0x0000012d   Thumb Code     0  entry10a.o(.ARM.Collect$$$$0000000D)
    __rt_final_exit                          0x0000012d   Thumb Code     0  entry11a.o(.ARM.Collect$$$$0000000F)
    __aeabi_uidiv                            0x00000131   Thumb Code     0  uidiv.o(.text)
    __aeabi_uidivmod                         0x00000131   Thumb Code    44  uidiv.o(.text)
    __aeabi_idiv                             0x0000015d   Thumb Code     0  idiv.o(.text)
    __aeabi_idivmod                          0x0000015d   Thumb Code    40  idiv.o(.text)
    __aeabi_fadd                             0x00000185   Thumb Code   162  fadd.o(.text)
    __aeabi_fsub                             0x00000227   Thumb Code     8  fadd.o(.text)
    __aeabi_frsub                            0x0000022f   Thumb Code     8  fadd.o(.text)
    __aeabi_fmul                             0x00000237   Thumb Code   122  fmul.o(.text)
    __aeabi_fdiv                             0x000002b1   Thumb Code   124  fdiv.o(.text)
    __aeabi_ddiv                             0x0000032d   Thumb Code   234  ddiv.o(.text)
    __aeabi_i2f                              0x0000041d   Thumb Code    22  fflti.o(.text)
    __aeabi_ui2f                             0x00000433   Thumb Code    14  ffltui.o(.text)
    __aeabi_f2iz                             0x00000441   Thumb Code    50  ffixi.o(.text)
    __aeabi_f2uiz                            0x00000473   Thumb Code    40  ffixui.o(.text)
    __aeabi_f2d                              0x0000049b   Thumb Code    40  f2d.o(.text)
    __aeabi_d2f                              0x000004c3   Thumb Code    56  d2f.o(.text)
    __aeabi_cfcmpeq                          0x000004fd   Thumb Code     0  cfcmple.o(.text)
    __aeabi_cfcmple                          0x000004fd   Thumb Code    20  cfcmple.o(.text)
    __aeabi_uldivmod                         0x00000511   Thumb Code    96  uldiv.o(.text)
    __I$use$fp                               0x00000571   Thumb Code     0  iusefp.o(.text)
    _float_round                             0x00000571   Thumb Code    16  fepilogue.o(.text)
    _float_epilogue                          0x00000581   Thumb Code   114  fepilogue.o(.text)
    _double_round                            0x000005f3   Thumb Code    26  depilogue.o(.text)
    _double_epilogue                         0x0000060d   Thumb Code   164  depilogue.o(.text)
    __aeabi_dadd                             0x000006b1   Thumb Code   328  dadd.o(.text)
    __aeabi_dsub                             0x000007f9   Thumb Code    12  dadd.o(.text)
    __aeabi_drsub                            0x00000805   Thumb Code    12  dadd.o(.text)
    __aeabi_dmul                             0x00000815   Thumb Code   202  dmul.o(.text)
    __aeabi_d2ulz                            0x000008e5   Thumb Code    54  dfixul.o(.text)
    __aeabi_cdrcmple                         0x00000925   Thumb Code    38  cdrcmple.o(.text)
    __scatterload                            0x0000094d   Thumb Code    28  init.o(.text)
    __scatterload_rt2                        0x0000094d   Thumb Code     0  init.o(.text)
    __aeabi_llsl                             0x00000971   Thumb Code    32  llshl.o(.text)
    _ll_shift_l                              0x00000971   Thumb Code     0  llshl.o(.text)
    __aeabi_llsr                             0x00000991   Thumb Code    34  llushr.o(.text)
    _ll_ushift_r                             0x00000991   Thumb Code     0  llushr.o(.text)
    __aeabi_lasr                             0x000009b3   Thumb Code    38  llsshr.o(.text)
    _ll_sshift_r                             0x000009b3   Thumb Code     0  llsshr.o(.text)
    AFIO_EXTISourceConfig                    0x000009d9   Thumb Code    58  ht32f5xxxx_gpio.o(i.AFIO_EXTISourceConfig)
    AFIO_GPxConfig                           0x00000a19   Thumb Code    94  ht32f5xxxx_gpio.o(i.AFIO_GPxConfig)
    BFTM0_IRQHandler                         0x00000a7d   Thumb Code    20  ht32f5xxxx_01_it.o(i.BFTM0_IRQHandler)
    BFTM_ClearFlag                           0x00000a99   Thumb Code    14  ht32f5xxxx_bftm.o(i.BFTM_ClearFlag)
    BFTM_Configuration                       0x00000aa9   Thumb Code    38  main.o(i.BFTM_Configuration)
    BFTM_EnaCmd                              0x00000ad9   Thumb Code    24  ht32f5xxxx_bftm.o(i.BFTM_EnaCmd)
    BFTM_GetCounter                          0x00000af1   Thumb Code     6  ht32f5xxxx_bftm.o(i.BFTM_GetCounter)
    BFTM_OneShotModeCmd                      0x00000af7   Thumb Code    24  ht32f5xxxx_bftm.o(i.BFTM_OneShotModeCmd)
    BFTM_ReStart                             0x00000b11   Thumb Code    26  main.o(i.BFTM_ReStart)
    BFTM_SetCompare                          0x00000b35   Thumb Code     4  ht32f5xxxx_bftm.o(i.BFTM_SetCompare)
    BFTM_SetCounter                          0x00000b39   Thumb Code     4  ht32f5xxxx_bftm.o(i.BFTM_SetCounter)
    BFTM_end                                 0x00000b3d   Thumb Code    12  main.o(i.BFTM_end)
    BFTM_us                                  0x00000b4d   Thumb Code    72  main.o(i.BFTM_us)
    CKCU_GetClocksFrequency                  0x00000ba5   Thumb Code   130  ht32f5xxxx_ckcu.o(i.CKCU_GetClocksFrequency)
    CKCU_GetPLLFrequency                     0x00000c31   Thumb Code    96  ht32f5xxxx_ckcu.o(i.CKCU_GetPLLFrequency)
    CKCU_GetPeripFrequency                   0x00000c99   Thumb Code    50  ht32f5xxxx_ckcu.o(i.CKCU_GetPeripFrequency)
    CKCU_PeripClockConfig                    0x00000cd1   Thumb Code    60  ht32f5xxxx_ckcu.o(i.CKCU_PeripClockConfig)
    CKCU_configuration                       0x00000d11   Thumb Code   104  main.o(i.CKCU_configuration)
    DIS1                                     0x00000d79   Thumb Code   110  main.o(i.DIS1)
    DIS2                                     0x00000df9   Thumb Code   110  main.o(i.DIS2)
    DIS3                                     0x00000e79   Thumb Code   116  main.o(i.DIS3)
    EXTI4_15_IRQHandler                      0x00000efd   Thumb Code    56  ht32f5xxxx_01_it.o(i.EXTI4_15_IRQHandler)
    EXTI_ClearEdgeFlag                       0x00000f45   Thumb Code    16  ht32f5xxxx_exti.o(i.EXTI_ClearEdgeFlag)
    EXTI_GetEdgeStatus                       0x00000f59   Thumb Code    44  ht32f5xxxx_exti.o(i.EXTI_GetEdgeStatus)
    EXTI_Init                                0x00000f89   Thumb Code    28  ht32f5xxxx_exti.o(i.EXTI_Init)
    EXTI_IntConfig                           0x00000fa9   Thumb Code    36  ht32f5xxxx_exti.o(i.EXTI_IntConfig)
    EXTI_configuration                       0x00000fd1   Thumb Code    44  main.o(i.EXTI_configuration)
    GPIO_DirectionConfig                     0x00000ffd   Thumb Code    20  ht32f5xxxx_gpio.o(i.GPIO_DirectionConfig)
    GPIO_InputConfig                         0x00001011   Thumb Code    20  ht32f5xxxx_gpio.o(i.GPIO_InputConfig)
    GPIO_PullResistorConfig                  0x00001025   Thumb Code    50  ht32f5xxxx_gpio.o(i.GPIO_PullResistorConfig)
    GPIO_ReadInBit                           0x00001057   Thumb Code    18  ht32f5xxxx_gpio.o(i.GPIO_ReadInBit)
    GPIO_WriteOutBits                        0x00001069   Thumb Code    12  ht32f5xxxx_gpio.o(i.GPIO_WriteOutBits)
    GPIO_configuration                       0x00001075   Thumb Code   250  main.o(i.GPIO_configuration)
    HT32F_DVB_COMInit                        0x0000117d   Thumb Code   102  ht32_board.o(i.HT32F_DVB_COMInit)
    HardFault_Handler                        0x000011e9   Thumb Code     4  ht32f5xxxx_01_it.o(i.HardFault_Handler)
    LED                                      0x000011ed   Thumb Code    94  main.o(i.LED)
    MCTM0_IRQHandler                         0x00001259   Thumb Code    32  ht32f5xxxx_01_it.o(i.MCTM0_IRQHandler)
    MCTM_CHBRKCTRConfig                      0x00001281   Thumb Code    42  ht32f5xxxx_mctm.o(i.MCTM_CHBRKCTRConfig)
    MCTM_CHMOECmd                            0x000012ab   Thumb Code    24  ht32f5xxxx_mctm.o(i.MCTM_CHMOECmd)
    MCTM_configuration                       0x000012c5   Thumb Code   158  main.o(i.MCTM_configuration)
    NMI_Handler                              0x00001379   Thumb Code     2  ht32f5xxxx_01_it.o(i.NMI_Handler)
    NVIC_configuration                       0x00001409   Thumb Code    18  main.o(i.NVIC_configuration)
    PWM_Configuration                        0x0000141d   Thumb Code   232  main.o(i.PWM_Configuration)
    PendSV_Handler                           0x00001511   Thumb Code     2  ht32f5xxxx_01_it.o(i.PendSV_Handler)
    RETARGET_Configuration                   0x00001513   Thumb Code    34  ht32_retarget.o(i.RETARGET_Configuration)
    RING1                                    0x00001535   Thumb Code   142  main.o(i.RING1)
    SERIAL_PutChar                           0x000015dd   Thumb Code    24  ht32_serial.o(i.SERIAL_PutChar)
    SVC_Handler                              0x000015f9   Thumb Code     2  ht32f5xxxx_01_it.o(i.SVC_Handler)
    SYSTICK_ClockSourceConfig                0x000015fd   Thumb Code    32  ht32_cm0plus_misc.o(i.SYSTICK_ClockSourceConfig)
    SYSTICK_CounterCmd                       0x00001621   Thumb Code    44  ht32_cm0plus_misc.o(i.SYSTICK_CounterCmd)
    SYSTICK_IntConfig                        0x00001651   Thumb Code    32  ht32_cm0plus_misc.o(i.SYSTICK_IntConfig)
    SYSTICK_SetReloadValue                   0x00001675   Thumb Code     6  ht32_cm0plus_misc.o(i.SYSTICK_SetReloadValue)
    SysTick_Handler                          0x00001681   Thumb Code     2  ht32f5xxxx_01_it.o(i.SysTick_Handler)
    SystemInit                               0x00001685   Thumb Code   304  system_ht32f5xxxx_01.o(i.SystemInit)
    TM_ChannelConfig                         0x000017c9   Thumb Code    28  ht32f5xxxx_tm.o(i.TM_ChannelConfig)
    TM_ClearFlag                             0x000017e5   Thumb Code    10  ht32f5xxxx_tm.o(i.TM_ClearFlag)
    TM_Cmd                                   0x000017ef   Thumb Code    24  ht32f5xxxx_tm.o(i.TM_Cmd)
    TM_IntConfig                             0x00001807   Thumb Code    20  ht32f5xxxx_tm.o(i.TM_IntConfig)
    TM_OutputInit                            0x0000181d   Thumb Code   202  ht32f5xxxx_tm.o(i.TM_OutputInit)
    TM_TimeBaseInit                          0x000018ed   Thumb Code    58  ht32f5xxxx_tm.o(i.TM_TimeBaseInit)
    USART_Init                               0x0000192d   Thumb Code   122  ht32f5xxxx_usart.o(i.USART_Init)
    USART_TxRxCmd                            0x000019b9   Thumb Code    30  ht32f5xxxx_usart.o(i.USART_TxRxCmd)
    WET                                      0x000019d9   Thumb Code    60  main.o(i.WET)
    __0printf                                0x00001a3d   Thumb Code    24  printfa.o(i.__0printf)
    __1printf                                0x00001a3d   Thumb Code     0  printfa.o(i.__0printf)
    __2printf                                0x00001a3d   Thumb Code     0  printfa.o(i.__0printf)
    __c89printf                              0x00001a3d   Thumb Code     0  printfa.o(i.__0printf)
    printf                                   0x00001a3d   Thumb Code     0  printfa.o(i.__0printf)
    __ARM_clz                                0x00001a5d   Thumb Code    46  depilogue.o(i.__ARM_clz)
    __ARM_common_switch8                     0x00001a8b   Thumb Code    28  ht32f5xxxx_ckcu.o(i.__ARM_common_switch8)
    __scatterload_copy                       0x00001aa7   Thumb Code    14  handlers.o(i.__scatterload_copy)
    __scatterload_null                       0x00001ab5   Thumb Code     2  handlers.o(i.__scatterload_null)
    __scatterload_zeroinit                   0x00001ab7   Thumb Code    14  handlers.o(i.__scatterload_zeroinit)
    delay                                    0x00002371   Thumb Code    28  main.o(i.delay)
    delay_ms                                 0x0000238d   Thumb Code    26  main.o(i.delay_ms)
    delay_s                                  0x000023a7   Thumb Code    26  main.o(i.delay_s)
    delay_us                                 0x000023c1   Thumb Code    90  main.o(i.delay_us)
    fputc                                    0x00002429   Thumb Code    14  ht32_retarget.o(i.fputc)
    main                                     0x00002439   Thumb Code   688  main.o(i.main)
    read_data                                0x000027a5   Thumb Code    78  main.o(i.read_data)
    start_read_DHT                           0x000027f9   Thumb Code   232  main.o(i.start_read_DHT)
    GPIO_PORT                                0x000028e8   Data          24  ht32_board.o(.constdata)
    LED_GPIO_ID                              0x00002900   Data           3  ht32_board.o(.constdata)
    LED_GPIO_PIN                             0x00002904   Data           6  ht32_board.o(.constdata)
    LED_AFIO_MODE                            0x0000290a   Data           3  ht32_board.o(.constdata)
    BUTTON_GPIO_ID                           0x0000290d   Data           3  ht32_board.o(.constdata)
    BUTTON_GPIO_PIN                          0x00002910   Data           6  ht32_board.o(.constdata)
    BUTTON_AFIO_MODE                         0x00002916   Data           3  ht32_board.o(.constdata)
    BUTTON_EXTI_CH                           0x00002919   Data           3  ht32_board.o(.constdata)
    gCOMInfo                                 0x0000291c   Data          16  ht32_board.o(.constdata)
    Region$$Table$$Base                      0x0000292c   Number         0  anon$$obj.o(Region$$Table)
    Region$$Table$$Limit                     0x0000294c   Number         0  anon$$obj.o(Region$$Table)
    ring                                     0x20000000   Data           4  main.o(.data)
    initial                                  0x20000004   Data           4  main.o(.data)
    up                                       0x20000008   Data           4  main.o(.data)
    down                                     0x2000000c   Data           4  main.o(.data)
    wMctmUpdateDownCounter                   0x20000010   Data           4  main.o(.data)
    freq1                                    0x20000014   Data           8  main.o(.data)
    freq2                                    0x2000001c   Data           8  main.o(.data)
    freq3                                    0x20000024   Data           8  main.o(.data)
    Humidity                                 0x2000002c   Data           4  main.o(.data)
    Temperature                              0x20000030   Data           4  main.o(.data)
    wet                                      0x20000034   Data           4  main.o(.data)
    tem                                      0x20000038   Data           4  main.o(.data)
    Data                                     0x2000003c   Data           5  main.o(.data)
    temperature                              0x20000042   Data           2  main.o(.data)
    humidity                                 0x20000044   Data           2  main.o(.data)
    BFTM_OverCnt                             0x20000048   Data           4  main.o(.data)
    Distance1                                0x2000004c   Data           4  main.o(.data)
    Distance2                                0x20000050   Data           4  main.o(.data)
    Distance3                                0x20000054   Data           4  main.o(.data)
    SystemCoreClock                          0x20000058   Data           4  system_ht32f5xxxx_01.o(.data)
    __stdout                                 0x2000005c   Data           4  ht32_retarget.o(.data)
    __stdin                                  0x20000060   Data           4  ht32_retarget.o(.data)
    MCTM_TimeBaseInitStructure               0x20000064   Data          16  main.o(.bss)
    MCTM_OutputInitStructure                 0x20000074   Data          14  main.o(.bss)
    MCTM_CHBRKCTRInitStructure               0x20000084   Data          28  main.o(.bss)
    __initial_sp                             0x200002a0   Data           0  startup_ht32f5xxxx_01.o(STACK)



==============================================================================

Memory Map of the image

  Image Entry point : 0x000000c1

  Load Region LR_1 (Base: 0x00000000, Size: 0x000029b0, Max: 0xffffffff, ABSOLUTE)

    Execution Region ER_RO (Exec base: 0x00000000, Load base: 0x00000000, Size: 0x0000294c, Max: 0xffffffff, ABSOLUTE)

    Exec Addr    Load Addr    Size         Type   Attr      Idx    E Section Name        Object

    0x00000000   0x00000000   0x0000011c   Code   RO          434  * RESET               startup_ht32f5xxxx_01.o
    0x0000011c   0x0000011c   0x00000000   Code   RO         4010  * .ARM.Collect$$$$00000000  mc_p.l(entry.o)
    0x0000011c   0x0000011c   0x00000004   Code   RO         4300    .ARM.Collect$$$$00000001  mc_p.l(entry2.o)
    0x00000120   0x00000120   0x00000004   Code   RO         4303    .ARM.Collect$$$$00000004  mc_p.l(entry5.o)
    0x00000124   0x00000124   0x00000000   Code   RO         4305    .ARM.Collect$$$$00000008  mc_p.l(entry7b.o)
    0x00000124   0x00000124   0x00000000   Code   RO         4307    .ARM.Collect$$$$0000000A  mc_p.l(entry8b.o)
    0x00000124   0x00000124   0x00000008   Code   RO         4308    .ARM.Collect$$$$0000000B  mc_p.l(entry9a.o)
    0x0000012c   0x0000012c   0x00000000   Code   RO         4310    .ARM.Collect$$$$0000000D  mc_p.l(entry10a.o)
    0x0000012c   0x0000012c   0x00000000   Code   RO         4312    .ARM.Collect$$$$0000000F  mc_p.l(entry11a.o)
    0x0000012c   0x0000012c   0x00000004   Code   RO         4301    .ARM.Collect$$$$00002712  mc_p.l(entry2.o)
    0x00000130   0x00000130   0x0000002c   Code   RO         4013    .text               mc_p.l(uidiv.o)
    0x0000015c   0x0000015c   0x00000028   Code   RO         4015    .text               mc_p.l(idiv.o)
    0x00000184   0x00000184   0x000000b2   Code   RO         4278    .text               mf_p.l(fadd.o)
    0x00000236   0x00000236   0x0000007a   Code   RO         4280    .text               mf_p.l(fmul.o)
    0x000002b0   0x000002b0   0x0000007c   Code   RO         4282    .text               mf_p.l(fdiv.o)
    0x0000032c   0x0000032c   0x000000f0   Code   RO         4284    .text               mf_p.l(ddiv.o)
    0x0000041c   0x0000041c   0x00000016   Code   RO         4286    .text               mf_p.l(fflti.o)
    0x00000432   0x00000432   0x0000000e   Code   RO         4288    .text               mf_p.l(ffltui.o)
    0x00000440   0x00000440   0x00000032   Code   RO         4290    .text               mf_p.l(ffixi.o)
    0x00000472   0x00000472   0x00000028   Code   RO         4292    .text               mf_p.l(ffixui.o)
    0x0000049a   0x0000049a   0x00000028   Code   RO         4294    .text               mf_p.l(f2d.o)
    0x000004c2   0x000004c2   0x00000038   Code   RO         4296    .text               mf_p.l(d2f.o)
    0x000004fa   0x000004fa   0x00000002   PAD
    0x000004fc   0x000004fc   0x00000014   Code   RO         4298    .text               mf_p.l(cfcmple.o)
    0x00000510   0x00000510   0x00000060   Code   RO         4314    .text               mc_p.l(uldiv.o)
    0x00000570   0x00000570   0x00000000   Code   RO         4316    .text               mc_p.l(iusefp.o)
    0x00000570   0x00000570   0x00000082   Code   RO         4317    .text               mf_p.l(fepilogue.o)
    0x000005f2   0x000005f2   0x000000be   Code   RO         4319    .text               mf_p.l(depilogue.o)
    0x000006b0   0x000006b0   0x00000164   Code   RO         4323    .text               mf_p.l(dadd.o)
    0x00000814   0x00000814   0x000000d0   Code   RO         4325    .text               mf_p.l(dmul.o)
    0x000008e4   0x000008e4   0x00000040   Code   RO         4327    .text               mf_p.l(dfixul.o)
    0x00000924   0x00000924   0x00000028   Code   RO         4329    .text               mf_p.l(cdrcmple.o)
    0x0000094c   0x0000094c   0x00000024   Code   RO         4331    .text               mc_p.l(init.o)
    0x00000970   0x00000970   0x00000020   Code   RO         4333    .text               mc_p.l(llshl.o)
    0x00000990   0x00000990   0x00000022   Code   RO         4335    .text               mc_p.l(llushr.o)
    0x000009b2   0x000009b2   0x00000026   Code   RO         4337    .text               mc_p.l(llsshr.o)
    0x000009d8   0x000009d8   0x00000040   Code   RO         1443    i.AFIO_EXTISourceConfig  ht32f5xxxx_gpio.o
    0x00000a18   0x00000a18   0x00000064   Code   RO         1444    i.AFIO_GPxConfig    ht32f5xxxx_gpio.o
    0x00000a7c   0x00000a7c   0x0000001c   Code   RO          333    i.BFTM0_IRQHandler  ht32f5xxxx_01_it.o
    0x00000a98   0x00000a98   0x0000000e   Code   RO          787    i.BFTM_ClearFlag    ht32f5xxxx_bftm.o
    0x00000aa6   0x00000aa6   0x00000002   PAD
    0x00000aa8   0x00000aa8   0x00000030   Code   RO            3    i.BFTM_Configuration  main.o
    0x00000ad8   0x00000ad8   0x00000018   Code   RO          789    i.BFTM_EnaCmd       ht32f5xxxx_bftm.o
    0x00000af0   0x00000af0   0x00000006   Code   RO          791    i.BFTM_GetCounter   ht32f5xxxx_bftm.o
    0x00000af6   0x00000af6   0x00000018   Code   RO          794    i.BFTM_OneShotModeCmd  ht32f5xxxx_bftm.o
    0x00000b0e   0x00000b0e   0x00000002   PAD
    0x00000b10   0x00000b10   0x00000024   Code   RO            4    i.BFTM_ReStart      main.o
    0x00000b34   0x00000b34   0x00000004   Code   RO          795    i.BFTM_SetCompare   ht32f5xxxx_bftm.o
    0x00000b38   0x00000b38   0x00000004   Code   RO          796    i.BFTM_SetCounter   ht32f5xxxx_bftm.o
    0x00000b3c   0x00000b3c   0x00000010   Code   RO            5    i.BFTM_end          main.o
    0x00000b4c   0x00000b4c   0x00000058   Code   RO            6    i.BFTM_us           main.o
    0x00000ba4   0x00000ba4   0x0000008c   Code   RO          870    i.CKCU_GetClocksFrequency  ht32f5xxxx_ckcu.o
    0x00000c30   0x00000c30   0x00000068   Code   RO          872    i.CKCU_GetPLLFrequency  ht32f5xxxx_ckcu.o
    0x00000c98   0x00000c98   0x00000038   Code   RO          873    i.CKCU_GetPeripFrequency  ht32f5xxxx_ckcu.o
    0x00000cd0   0x00000cd0   0x00000040   Code   RO          888    i.CKCU_PeripClockConfig  ht32f5xxxx_ckcu.o
    0x00000d10   0x00000d10   0x00000068   Code   RO            7    i.CKCU_configuration  main.o
    0x00000d78   0x00000d78   0x00000080   Code   RO            8    i.DIS1              main.o
    0x00000df8   0x00000df8   0x00000080   Code   RO            9    i.DIS2              main.o
    0x00000e78   0x00000e78   0x00000084   Code   RO           10    i.DIS3              main.o
    0x00000efc   0x00000efc   0x00000048   Code   RO          334    i.EXTI4_15_IRQHandler  ht32f5xxxx_01_it.o
    0x00000f44   0x00000f44   0x00000014   Code   RO         1258    i.EXTI_ClearEdgeFlag  ht32f5xxxx_exti.o
    0x00000f58   0x00000f58   0x00000030   Code   RO         1261    i.EXTI_GetEdgeStatus  ht32f5xxxx_exti.o
    0x00000f88   0x00000f88   0x00000020   Code   RO         1264    i.EXTI_Init         ht32f5xxxx_exti.o
    0x00000fa8   0x00000fa8   0x00000028   Code   RO         1265    i.EXTI_IntConfig    ht32f5xxxx_exti.o
    0x00000fd0   0x00000fd0   0x0000002c   Code   RO           11    i.EXTI_configuration  main.o
    0x00000ffc   0x00000ffc   0x00000014   Code   RO         1447    i.GPIO_DirectionConfig  ht32f5xxxx_gpio.o
    0x00001010   0x00001010   0x00000014   Code   RO         1450    i.GPIO_InputConfig  ht32f5xxxx_gpio.o
    0x00001024   0x00001024   0x00000032   Code   RO         1455    i.GPIO_PullResistorConfig  ht32f5xxxx_gpio.o
    0x00001056   0x00001056   0x00000012   Code   RO         1456    i.GPIO_ReadInBit    ht32f5xxxx_gpio.o
    0x00001068   0x00001068   0x0000000c   Code   RO         1461    i.GPIO_WriteOutBits  ht32f5xxxx_gpio.o
    0x00001074   0x00001074   0x00000108   Code   RO           12    i.GPIO_configuration  main.o
    0x0000117c   0x0000117c   0x0000006c   Code   RO         3612    i.HT32F_DVB_COMInit  ht32_board.o
    0x000011e8   0x000011e8   0x00000004   Code   RO          335    i.HardFault_Handler  ht32f5xxxx_01_it.o
    0x000011ec   0x000011ec   0x0000006c   Code   RO           13    i.LED               main.o
    0x00001258   0x00001258   0x00000028   Code   RO          336    i.MCTM0_IRQHandler  ht32f5xxxx_01_it.o
    0x00001280   0x00001280   0x0000002a   Code   RO         1859    i.MCTM_CHBRKCTRConfig  ht32f5xxxx_mctm.o
    0x000012aa   0x000012aa   0x00000018   Code   RO         1861    i.MCTM_CHMOECmd     ht32f5xxxx_mctm.o
    0x000012c2   0x000012c2   0x00000002   PAD
    0x000012c4   0x000012c4   0x000000b4   Code   RO           14    i.MCTM_configuration  main.o
    0x00001378   0x00001378   0x00000002   Code   RO          337    i.NMI_Handler       ht32f5xxxx_01_it.o
    0x0000137a   0x0000137a   0x00000002   PAD
    0x0000137c   0x0000137c   0x00000014   Code   RO           15    i.NVIC_EnableIRQ    main.o
    0x00001390   0x00001390   0x00000078   Code   RO           16    i.NVIC_SetPriority  main.o
    0x00001408   0x00001408   0x00000012   Code   RO           17    i.NVIC_configuration  main.o
    0x0000141a   0x0000141a   0x00000002   PAD
    0x0000141c   0x0000141c   0x000000f4   Code   RO           18    i.PWM_Configuration  main.o
    0x00001510   0x00001510   0x00000002   Code   RO          338    i.PendSV_Handler    ht32f5xxxx_01_it.o
    0x00001512   0x00001512   0x00000022   Code   RO         3515    i.RETARGET_Configuration  ht32_retarget.o
    0x00001534   0x00001534   0x000000a8   Code   RO           19    i.RING1             main.o
    0x000015dc   0x000015dc   0x0000001c   Code   RO         3580    i.SERIAL_PutChar    ht32_serial.o
    0x000015f8   0x000015f8   0x00000002   Code   RO          339    i.SVC_Handler       ht32f5xxxx_01_it.o
    0x000015fa   0x000015fa   0x00000002   PAD
    0x000015fc   0x000015fc   0x00000024   Code   RO          578    i.SYSTICK_ClockSourceConfig  ht32_cm0plus_misc.o
    0x00001620   0x00001620   0x00000030   Code   RO          579    i.SYSTICK_CounterCmd  ht32_cm0plus_misc.o
    0x00001650   0x00001650   0x00000024   Code   RO          580    i.SYSTICK_IntConfig  ht32_cm0plus_misc.o
    0x00001674   0x00001674   0x0000000c   Code   RO          581    i.SYSTICK_SetReloadValue  ht32_cm0plus_misc.o
    0x00001680   0x00001680   0x00000002   Code   RO          340    i.SysTick_Handler   ht32f5xxxx_01_it.o
    0x00001682   0x00001682   0x00000002   PAD
    0x00001684   0x00001684   0x00000144   Code   RO          400    i.SystemInit        system_ht32f5xxxx_01.o
    0x000017c8   0x000017c8   0x0000001c   Code   RO         2582    i.TM_ChannelConfig  ht32f5xxxx_tm.o
    0x000017e4   0x000017e4   0x0000000a   Code   RO         2583    i.TM_ClearFlag      ht32f5xxxx_tm.o
    0x000017ee   0x000017ee   0x00000018   Code   RO         2586    i.TM_Cmd            ht32f5xxxx_tm.o
    0x00001806   0x00001806   0x00000014   Code   RO         2607    i.TM_IntConfig      ht32f5xxxx_tm.o
    0x0000181a   0x0000181a   0x00000002   PAD
    0x0000181c   0x0000181c   0x000000d0   Code   RO         2611    i.TM_OutputInit     ht32f5xxxx_tm.o
    0x000018ec   0x000018ec   0x00000040   Code   RO         2631    i.TM_TimeBaseInit   ht32f5xxxx_tm.o
    0x0000192c   0x0000192c   0x0000008c   Code   RO         2971    i.USART_Init        ht32f5xxxx_usart.o
    0x000019b8   0x000019b8   0x0000001e   Code   RO         2993    i.USART_TxRxCmd     ht32f5xxxx_usart.o
    0x000019d6   0x000019d6   0x00000002   PAD
    0x000019d8   0x000019d8   0x00000064   Code   RO           22    i.WET               main.o
    0x00001a3c   0x00001a3c   0x00000020   Code   RO         4250    i.__0printf         mc_p.l(printfa.o)
    0x00001a5c   0x00001a5c   0x0000002e   Code   RO         4321    i.__ARM_clz         mf_p.l(depilogue.o)
    0x00001a8a   0x00001a8a   0x0000001c   Code   RO         1065    i.__ARM_common_switch8  ht32f5xxxx_ckcu.o
    0x00001aa6   0x00001aa6   0x0000000e   Code   RO         4341    i.__scatterload_copy  mc_p.l(handlers.o)
    0x00001ab4   0x00001ab4   0x00000002   Code   RO         4342    i.__scatterload_null  mc_p.l(handlers.o)
    0x00001ab6   0x00001ab6   0x0000000e   Code   RO         4343    i.__scatterload_zeroinit  mc_p.l(handlers.o)
    0x00001ac4   0x00001ac4   0x00000174   Code   RO         4257    i._fp_digits        mc_p.l(printfa.o)
    0x00001c38   0x00001c38   0x000006ec   Code   RO         4258    i._printf_core      mc_p.l(printfa.o)
    0x00002324   0x00002324   0x00000020   Code   RO         4259    i._printf_post_padding  mc_p.l(printfa.o)
    0x00002344   0x00002344   0x0000002c   Code   RO         4260    i._printf_pre_padding  mc_p.l(printfa.o)
    0x00002370   0x00002370   0x0000001c   Code   RO           23    i.delay             main.o
    0x0000238c   0x0000238c   0x0000001a   Code   RO           24    i.delay_ms          main.o
    0x000023a6   0x000023a6   0x0000001a   Code   RO           25    i.delay_s           main.o
    0x000023c0   0x000023c0   0x00000068   Code   RO           26    i.delay_us          main.o
    0x00002428   0x00002428   0x0000000e   Code   RO         3520    i.fputc             ht32_retarget.o
    0x00002436   0x00002436   0x00000002   PAD
    0x00002438   0x00002438   0x0000036c   Code   RO           27    i.main              main.o
    0x000027a4   0x000027a4   0x00000054   Code   RO           28    i.read_data         main.o
    0x000027f8   0x000027f8   0x000000f0   Code   RO           29    i.start_read_DHT    main.o
    0x000028e8   0x000028e8   0x00000044   Data   RO         3621    .constdata          ht32_board.o
    0x0000292c   0x0000292c   0x00000020   Data   RO         4339    Region$$Table       anon$$obj.o


    Execution Region ER_RW (Exec base: 0x20000000, Load base: 0x0000294c, Size: 0x00000064, Max: 0xffffffff, ABSOLUTE)

    Exec Addr    Load Addr    Size         Type   Attr      Idx    E Section Name        Object

    0x20000000   0x0000294c   0x00000058   Data   RW           31    .data               main.o
    0x20000058   0x000029a4   0x00000004   Data   RW          401    .data               system_ht32f5xxxx_01.o
    0x2000005c   0x000029a8   0x00000008   Data   RW         3521    .data               ht32_retarget.o


    Execution Region ER_ZI (Exec base: 0x20000064, Load base: 0x000029b0, Size: 0x0000023c, Max: 0xffffffff, ABSOLUTE)

    Exec Addr    Load Addr    Size         Type   Attr      Idx    E Section Name        Object

    0x20000064        -       0x0000003c   Zero   RW           30    .bss                main.o
    0x200000a0        -       0x00000200   Zero   RW          432    STACK               startup_ht32f5xxxx_01.o


==============================================================================

Image component sizes


      Code (inc. data)   RO Data    RW Data    ZI Data      Debug   Object Name

       108          6         68          0          0       8675   ht32_board.o
       132         18          0          0          0       2354   ht32_cm0plus_misc.o
        48          0          0          8          0       3259   ht32_retarget.o
        28          4          0          0          0        573   ht32_serial.o
       152         32          0          0          0       3667   ht32f5xxxx_01_it.o
        76          0          0          0          0       3975   ht32f5xxxx_bftm.o
       392         38          0          0          0      11718   ht32f5xxxx_ckcu.o
       140         16          0          0          0       5195   ht32f5xxxx_exti.o
       284         12          0          0          0       9714   ht32f5xxxx_gpio.o
        66          0          0          0          0      10806   ht32f5xxxx_mctm.o
       354         12          0          0          0       5304   ht32f5xxxx_tm.o
       170         18          0          0          0       9765   ht32f5xxxx_usart.o
      3330        452          0         88         60      70640   main.o
       284        216          0          0        512        680   startup_ht32f5xxxx_01.o
       324         20          0          4          0       1867   system_ht32f5xxxx_01.o

    ----------------------------------------------------------------------
      5908        844        100        100        572     148192   Object Totals
         0          0         32          0          0          0   (incl. Generated)
        20          0          0          0          0          0   (incl. Padding)

    ----------------------------------------------------------------------

      Code (inc. data)   RO Data    RW Data    ZI Data      Debug   Library Member Name

         0          0          0          0          0          0   entry.o
         0          0          0          0          0          0   entry10a.o
         0          0          0          0          0          0   entry11a.o
         8          4          0          0          0          0   entry2.o
         4          0          0          0          0          0   entry5.o
         0          0          0          0          0          0   entry7b.o
         0          0          0          0          0          0   entry8b.o
         8          4          0          0          0          0   entry9a.o
        30          0          0          0          0          0   handlers.o
        40          0          0          0          0         72   idiv.o
        36          8          0          0          0         68   init.o
         0          0          0          0          0          0   iusefp.o
        32          0          0          0          0         68   llshl.o
        38          0          0          0          0         68   llsshr.o
        34          0          0          0          0         68   llushr.o
      2252         98          0          0          0        412   printfa.o
        44          0          0          0          0         72   uidiv.o
        96          0          0          0          0         84   uldiv.o
        40          2          0          0          0         68   cdrcmple.o
        20          0          0          0          0         68   cfcmple.o
        56          0          0          0          0         68   d2f.o
       356          4          0          0          0        140   dadd.o
       240          6          0          0          0         84   ddiv.o
       236          0          0          0          0        216   depilogue.o
        64         10          0          0          0         68   dfixul.o
       208          6          0          0          0         88   dmul.o
        40          0          0          0          0         60   f2d.o
       178          0          0          0          0        108   fadd.o
       124          0          0          0          0         72   fdiv.o
       130          0          0          0          0        144   fepilogue.o
        50          0          0          0          0         60   ffixi.o
        40          0          0          0          0         60   ffixui.o
        22          0          0          0          0         68   fflti.o
        14          0          0          0          0         68   ffltui.o
       122          0          0          0          0         72   fmul.o

    ----------------------------------------------------------------------
      4564        142          0          0          0       2424   Library Totals
         2          0          0          0          0          0   (incl. Padding)

    ----------------------------------------------------------------------

      Code (inc. data)   RO Data    RW Data    ZI Data      Debug   Library Name

      2622        114          0          0          0        912   mc_p.l
      1940         28          0          0          0       1512   mf_p.l

    ----------------------------------------------------------------------
      4564        142          0          0          0       2424   Library Totals

    ----------------------------------------------------------------------

==============================================================================


      Code (inc. data)   RO Data    RW Data    ZI Data      Debug   

     10472        986        100        100        572     146440   Grand Totals
     10472        986        100        100        572     146440   ELF Image Totals
     10472        986        100        100          0          0   ROM Totals

==============================================================================

    Total RO  Size (Code + RO Data)                10572 (  10.32kB)
    Total RW  Size (RW Data + ZI Data)               672 (   0.66kB)
    Total ROM Size (Code + RO Data + RW Data)      10672 (  10.42kB)

==============================================================================

